Archive member included to satisfy reference by file (symbol)

c:/st/stm32cubeide_1.1.0/stm32cubeide/plugins/com.st.stm32cube.ide.mcu.externaltools.gnu-tools-for-stm32.7-2018-q2-update.win32_1.0.0.201904181610/tools/bin/../lib/gcc/arm-none-eabi/7.3.1/../../../../arm-none-eabi/lib/thumb/v7-m\libc_nano.a(lib_a-errno.o)
                              Core/Src/syscalls.o (__errno)
c:/st/stm32cubeide_1.1.0/stm32cubeide/plugins/com.st.stm32cube.ide.mcu.externaltools.gnu-tools-for-stm32.7-2018-q2-update.win32_1.0.0.201904181610/tools/bin/../lib/gcc/arm-none-eabi/7.3.1/../../../../arm-none-eabi/lib/thumb/v7-m\libc_nano.a(lib_a-exit.o)
                              c:/st/stm32cubeide_1.1.0/stm32cubeide/plugins/com.st.stm32cube.ide.mcu.externaltools.gnu-tools-for-stm32.7-2018-q2-update.win32_1.0.0.201904181610/tools/bin/../lib/gcc/arm-none-eabi/7.3.1/../../../../arm-none-eabi/lib/thumb/v7-m/crt0.o (exit)
c:/st/stm32cubeide_1.1.0/stm32cubeide/plugins/com.st.stm32cube.ide.mcu.externaltools.gnu-tools-for-stm32.7-2018-q2-update.win32_1.0.0.201904181610/tools/bin/../lib/gcc/arm-none-eabi/7.3.1/../../../../arm-none-eabi/lib/thumb/v7-m\libc_nano.a(lib_a-impure.o)
                              c:/st/stm32cubeide_1.1.0/stm32cubeide/plugins/com.st.stm32cube.ide.mcu.externaltools.gnu-tools-for-stm32.7-2018-q2-update.win32_1.0.0.201904181610/tools/bin/../lib/gcc/arm-none-eabi/7.3.1/../../../../arm-none-eabi/lib/thumb/v7-m\libc_nano.a(lib_a-exit.o) (_global_impure_ptr)
c:/st/stm32cubeide_1.1.0/stm32cubeide/plugins/com.st.stm32cube.ide.mcu.externaltools.gnu-tools-for-stm32.7-2018-q2-update.win32_1.0.0.201904181610/tools/bin/../lib/gcc/arm-none-eabi/7.3.1/../../../../arm-none-eabi/lib/thumb/v7-m\libc_nano.a(lib_a-init.o)
                              c:/st/stm32cubeide_1.1.0/stm32cubeide/plugins/com.st.stm32cube.ide.mcu.externaltools.gnu-tools-for-stm32.7-2018-q2-update.win32_1.0.0.201904181610/tools/bin/../lib/gcc/arm-none-eabi/7.3.1/../../../../arm-none-eabi/lib/thumb/v7-m/crt0.o (__libc_init_array)
c:/st/stm32cubeide_1.1.0/stm32cubeide/plugins/com.st.stm32cube.ide.mcu.externaltools.gnu-tools-for-stm32.7-2018-q2-update.win32_1.0.0.201904181610/tools/bin/../lib/gcc/arm-none-eabi/7.3.1/../../../../arm-none-eabi/lib/thumb/v7-m\libc_nano.a(lib_a-memcpy-stub.o)
                              Core/Src/MY_NRF24.o (memcpy)
c:/st/stm32cubeide_1.1.0/stm32cubeide/plugins/com.st.stm32cube.ide.mcu.externaltools.gnu-tools-for-stm32.7-2018-q2-update.win32_1.0.0.201904181610/tools/bin/../lib/gcc/arm-none-eabi/7.3.1/../../../../arm-none-eabi/lib/thumb/v7-m\libc_nano.a(lib_a-memset.o)
                              c:/st/stm32cubeide_1.1.0/stm32cubeide/plugins/com.st.stm32cube.ide.mcu.externaltools.gnu-tools-for-stm32.7-2018-q2-update.win32_1.0.0.201904181610/tools/bin/../lib/gcc/arm-none-eabi/7.3.1/../../../../arm-none-eabi/lib/thumb/v7-m/crt0.o (memset)
c:/st/stm32cubeide_1.1.0/stm32cubeide/plugins/com.st.stm32cube.ide.mcu.externaltools.gnu-tools-for-stm32.7-2018-q2-update.win32_1.0.0.201904181610/tools/bin/../lib/gcc/arm-none-eabi/7.3.1/../../../../arm-none-eabi/lib/thumb/v7-m\libc_nano.a(lib_a-sprintf.o)
                              Core/Src/MY_NRF24.o (sprintf)
c:/st/stm32cubeide_1.1.0/stm32cubeide/plugins/com.st.stm32cube.ide.mcu.externaltools.gnu-tools-for-stm32.7-2018-q2-update.win32_1.0.0.201904181610/tools/bin/../lib/gcc/arm-none-eabi/7.3.1/../../../../arm-none-eabi/lib/thumb/v7-m\libc_nano.a(lib_a-nano-svfprintf.o)
                              c:/st/stm32cubeide_1.1.0/stm32cubeide/plugins/com.st.stm32cube.ide.mcu.externaltools.gnu-tools-for-stm32.7-2018-q2-update.win32_1.0.0.201904181610/tools/bin/../lib/gcc/arm-none-eabi/7.3.1/../../../../arm-none-eabi/lib/thumb/v7-m\libc_nano.a(lib_a-sprintf.o) (_svfprintf_r)
c:/st/stm32cubeide_1.1.0/stm32cubeide/plugins/com.st.stm32cube.ide.mcu.externaltools.gnu-tools-for-stm32.7-2018-q2-update.win32_1.0.0.201904181610/tools/bin/../lib/gcc/arm-none-eabi/7.3.1/../../../../arm-none-eabi/lib/thumb/v7-m\libc_nano.a(lib_a-nano-vfprintf_i.o)
                              c:/st/stm32cubeide_1.1.0/stm32cubeide/plugins/com.st.stm32cube.ide.mcu.externaltools.gnu-tools-for-stm32.7-2018-q2-update.win32_1.0.0.201904181610/tools/bin/../lib/gcc/arm-none-eabi/7.3.1/../../../../arm-none-eabi/lib/thumb/v7-m\libc_nano.a(lib_a-nano-svfprintf.o) (_printf_i)
c:/st/stm32cubeide_1.1.0/stm32cubeide/plugins/com.st.stm32cube.ide.mcu.externaltools.gnu-tools-for-stm32.7-2018-q2-update.win32_1.0.0.201904181610/tools/bin/../lib/gcc/arm-none-eabi/7.3.1/../../../../arm-none-eabi/lib/thumb/v7-m\libc_nano.a(lib_a-memchr-stub.o)
                              c:/st/stm32cubeide_1.1.0/stm32cubeide/plugins/com.st.stm32cube.ide.mcu.externaltools.gnu-tools-for-stm32.7-2018-q2-update.win32_1.0.0.201904181610/tools/bin/../lib/gcc/arm-none-eabi/7.3.1/../../../../arm-none-eabi/lib/thumb/v7-m\libc_nano.a(lib_a-nano-svfprintf.o) (memchr)
[...]
Memory Configuration

Name             Origin             Length             Attributes
RAM              0x0000000020000000 0x0000000000005000 xrw
FLASH            0x0000000008000000 0x0000000000010000 xr
*default*        0x0000000000000000 0xffffffffffffffff

Linker script and memory map

LOAD c:/st/stm32cubeide_1.1.0/stm32cubeide/plugins/com.st.stm32cube.ide.mcu.externaltools.gnu-tools-for-stm32.7-2018-q2-update.win32_1.0.0.201904181610/tools/bin/../lib/gcc/arm-none-eabi/7.3.1/thumb/v7-m/crti.o
LOAD c:/st/stm32cubeide_1.1.0/stm32cubeide/plugins/com.st.stm32cube.ide.mcu.externaltools.gnu-tools-for-stm32.7-2018-q2-update.win32_1.0.0.201904181610/tools/bin/../lib/gcc/arm-none-eabi/7.3.1/thumb/v7-m/crtbegin.o
LOAD c:/st/stm32cubeide_1.1.0/stm32cubeide/plugins/com.st.stm32cube.ide.mcu.externaltools.gnu-tools-for-stm32.7-2018-q2-update.win32_1.0.0.201904181610/tools/bin/../lib/gcc/arm-none-eabi/7.3.1/../../../../arm-none-eabi/lib/thumb/v7-m/crt0.o
LOAD Core/Src/MY_NRF24.o
LOAD Core/Src/main.o
LOAD Core/Src/stm32f1xx_hal_msp.o
LOAD Core/Src/stm32f1xx_it.o
LOAD Core/Src/syscalls.o
LOAD Core/Src/sysmem.o
LOAD Core/Src/system_stm32f1xx.o
LOAD Core/Startup/startup_stm32f103c8tx.o
LOAD Drivers/STM32F1xx_HAL_Driver/Src/stm32f1xx_hal.o
LOAD Drivers/STM32F1xx_HAL_Driver/Src/stm32f1xx_hal_cortex.o
LOAD Drivers/STM32F1xx_HAL_Driver/Src/stm32f1xx_hal_dma.o
LOAD Drivers/STM32F1xx_HAL_Driver/Src/stm32f1xx_hal_exti.o
LOAD Drivers/STM32F1xx_HAL_Driver/Src/stm32f1xx_hal_flash.o
LOAD Drivers/STM32F1xx_HAL_Driver/Src/stm32f1xx_hal_flash_ex.o
LOAD Drivers/STM32F1xx_HAL_Driver/Src/stm32f1xx_hal_gpio.o
LOAD Drivers/STM32F1xx_HAL_Driver/Src/stm32f1xx_hal_gpio_ex.o
LOAD Drivers/STM32F1xx_HAL_Driver/Src/stm32f1xx_hal_pwr.o
LOAD Drivers/STM32F1xx_HAL_Driver/Src/stm32f1xx_hal_rcc.o
LOAD Drivers/STM32F1xx_HAL_Driver/Src/stm32f1xx_hal_rcc_ex.o
LOAD Drivers/STM32F1xx_HAL_Driver/Src/stm32f1xx_hal_spi.o
LOAD Drivers/STM32F1xx_HAL_Driver/Src/stm32f1xx_hal_tim.o
LOAD Drivers/STM32F1xx_HAL_Driver/Src/stm32f1xx_hal_tim_ex.o
START GROUP
LOAD c:/st/stm32cubeide_1.1.0/stm32cubeide/plugins/com.st.stm32cube.ide.mcu.externaltools.gnu-tools-for-stm32.7-2018-q2-update.win32_1.0.0.201904181610/tools/bin/../lib/gcc/arm-none-eabi/7.3.1/../../../../arm-none-eabi/lib/thumb/v7-m\libc_nano.a
LOAD c:/st/stm32cubeide_1.1.0/stm32cubeide/plugins/com.st.stm32cube.ide.mcu.externaltools.gnu-tools-for-stm32.7-2018-q2-update.win32_1.0.0.201904181610/tools/bin/../lib/gcc/arm-none-eabi/7.3.1/../../../../arm-none-eabi/lib/thumb/v7-m\libm.a
END GROUP
START GROUP
LOAD c:/st/stm32cubeide_1.1.0/stm32cubeide/plugins/com.st.stm32cube.ide.mcu.externaltools.gnu-tools-for-stm32.7-2018-q2-update.win32_1.0.0.201904181610/tools/bin/../lib/gcc/arm-none-eabi/7.3.1/thumb/v7-m\libgcc.a
LOAD c:/st/stm32cubeide_1.1.0/stm32cubeide/plugins/com.st.stm32cube.ide.mcu.externaltools.gnu-tools-for-stm32.7-2018-q2-update.win32_1.0.0.201904181610/tools/bin/../lib/gcc/arm-none-eabi/7.3.1/../../../../arm-none-eabi/lib/thumb/v7-m\libc_nano.a
END GROUP
START GROUP
LOAD c:/st/stm32cubeide_1.1.0/stm32cubeide/plugins/com.st.stm32cube.ide.mcu.externaltools.gnu-tools-for-stm32.7-2018-q2-update.win32_1.0.0.201904181610/tools/bin/../lib/gcc/arm-none-eabi/7.3.1/thumb/v7-m\libgcc.a
LOAD c:/st/stm32cubeide_1.1.0/stm32cubeide/plugins/com.st.stm32cube.ide.mcu.externaltools.gnu-tools-for-stm32.7-2018-q2-update.win32_1.0.0.201904181610/tools/bin/../lib/gcc/arm-none-eabi/7.3.1/../../../../arm-none-eabi/lib/thumb/v7-m\libc_nano.a
LOAD c:/st/stm32cubeide_1.1.0/stm32cubeide/plugins/com.st.stm32cube.ide.mcu.externaltools.gnu-tools-for-stm32.7-2018-q2-update.win32_1.0.0.201904181610/tools/bin/../lib/gcc/arm-none-eabi/7.3.1/../../../../arm-none-eabi/lib/thumb/v7-m\libnosys.a
END GROUP
START GROUP
LOAD c:/st/stm32cubeide_1.1.0/stm32cubeide/plugins/com.st.stm32cube.ide.mcu.externaltools.gnu-tools-for-stm32.7-2018-q2-update.win32_1.0.0.201904181610/tools/bin/../lib/gcc/arm-none-eabi/7.3.1/thumb/v7-m\libgcc.a
LOAD c:/st/stm32cubeide_1.1.0/stm32cubeide/plugins/com.st.stm32cube.ide.mcu.externaltools.gnu-tools-for-stm32.7-2018-q2-update.win32_1.0.0.201904181610/tools/bin/../lib/gcc/arm-none-eabi/7.3.1/../../../../arm-none-eabi/lib/thumb/v7-m\libc_nano.a
LOAD c:/st/stm32cubeide_1.1.0/stm32cubeide/plugins/com.st.stm32cube.ide.mcu.externaltools.gnu-tools-for-stm32.7-2018-q2-update.win32_1.0.0.201904181610/tools/bin/../lib/gcc/arm-none-eabi/7.3.1/../../../../arm-none-eabi/lib/thumb/v7-m\libnosys.a
END GROUP
LOAD c:/st/stm32cubeide_1.1.0/stm32cubeide/plugins/com.st.stm32cube.ide.mcu.externaltools.gnu-tools-for-stm32.7-2018-q2-update.win32_1.0.0.201904181610/tools/bin/../lib/gcc/arm-none-eabi/7.3.1/thumb/v7-m/crtend.o
LOAD c:/st/stm32cubeide_1.1.0/stm32cubeide/plugins/com.st.stm32cube.ide.mcu.externaltools.gnu-tools-for-stm32.7-2018-q2-update.win32_1.0.0.201904181610/tools/bin/../lib/gcc/arm-none-eabi/7.3.1/thumb/v7-m/crtn.o
                0x0000000020005000                _estack = (ORIGIN (RAM) + LENGTH (RAM))
                0x0000000000000200                _Min_Heap_Size = 0x200
                0x0000000000000400                _Min_Stack_Size = 0x400

.isr_vector     0x0000000008000000      0x10c
                0x0000000008000000                . = ALIGN (0x4)
 *(.isr_vector)
 .isr_vector    0x0000000008000000      0x10c Core/Startup/startup_stm32f103c8tx.o
                0x0000000008000000                g_pfnVectors
                0x000000000800010c                . = ALIGN (0x4)

.text           0x000000000800010c     0x3460
                0x000000000800010c                . = ALIGN (0x4)
 *(.text)
 .text          0x000000000800010c       0x40 c:/st/stm32cubeide_1.1.0/stm32cubeide/plugins/com.st.stm32cube.ide.mcu.externaltools.gnu-tools-for-stm32.7-2018-q2-update.win32_1.0.0.201904181610/tools/bin/../lib/gcc/arm-none-eabi/7.3.1/thumb/v7-m/crtbegin.o
 *(.text*)
 .text.NRF24_DelayMicroSeconds
                0x000000000800014c       0x40 Core/Src/MY_NRF24.o
                0x000000000800014c                NRF24_DelayMicroSeconds
 .text.NRF24_csn
                0x000000000800018c       0x40 Core/Src/MY_NRF24.o
                0x000000000800018c                NRF24_csn
 .text.NRF24_ce
                0x00000000080001cc       0x40 Core/Src/MY_NRF24.o
                0x00000000080001cc                NRF24_ce
 .text.NRF24_read_register
                0x000000000800020c       0x50 Core/Src/MY_NRF24.o
                0x000000000800020c                NRF24_read_register
 .text.NRF24_read_registerN
                0x000000000800025c       0x50 Core/Src/MY_NRF24.o
                0x000000000800025c                NRF24_read_registerN
 .text.NRF24_write_register
                0x00000000080002ac       0x44 Core/Src/MY_NRF24.o
                0x00000000080002ac                NRF24_write_register
 .text.NRF24_write_registerN
                0x00000000080002f0       0x50 Core/Src/MY_NRF24.o
                0x00000000080002f0                NRF24_write_registerN
 .text.NRF24_write_payload
                0x0000000008000340       0x44 Core/Src/MY_NRF24.o
                0x0000000008000340                NRF24_write_payload
 .text.NRF24_flush_tx
                0x0000000008000384       0x10 Core/Src/MY_NRF24.o
                0x0000000008000384                NRF24_flush_tx
 .text.NRF24_flush_rx
                0x0000000008000394       0x10 Core/Src/MY_NRF24.o
                0x0000000008000394                NRF24_flush_rx
 .text.NRF24_get_status
                0x00000000080003a4       0x1a Core/Src/MY_NRF24.o
                0x00000000080003a4                NRF24_get_status
 *fill*         0x00000000080003be        0x2 
 .text.NRF24_begin
                0x00000000080003c0      0x1c0 Core/Src/MY_NRF24.o
                0x00000000080003c0                NRF24_begin
 .text.NRF24_stopListening
                0x0000000008000580       0x16 Core/Src/MY_NRF24.o
                0x0000000008000580                NRF24_stopListening
 *fill*         0x0000000008000596        0x2 
 .text.NRF24_write
                0x0000000008000598       0x98 Core/Src/MY_NRF24.o
                0x0000000008000598                NRF24_write
 .text.NRF24_available
                0x0000000008000630       0x10 Core/Src/MY_NRF24.o
                0x0000000008000630                NRF24_available
 .text.NRF24_openWritingPipe
                0x0000000008000640       0x48 Core/Src/MY_NRF24.o
                0x0000000008000640                NRF24_openWritingPipe
 .text.NRF24_setRetries
                0x0000000008000688       0x36 Core/Src/MY_NRF24.o
                0x0000000008000688                NRF24_setRetries
 .text.NRF24_setChannel
                0x00000000080006be       0x2a Core/Src/MY_NRF24.o
                0x00000000080006be                NRF24_setChannel
 .text.NRF24_setPayloadSize
                0x00000000080006e8       0x2c Core/Src/MY_NRF24.o
                0x00000000080006e8                NRF24_setPayloadSize
 .text.NRF24_getDynamicPayloadSize
                0x0000000008000714       0x10 Core/Src/MY_NRF24.o
                0x0000000008000714                NRF24_getDynamicPayloadSize
 .text.NRF24_disableDynamicPayloads
                0x0000000008000724       0x30 Core/Src/MY_NRF24.o
                0x0000000008000724                NRF24_disableDynamicPayloads
 .text.NRF24_setAutoAck
                0x0000000008000754       0x2a Core/Src/MY_NRF24.o
                0x0000000008000754                NRF24_setAutoAck
 .text.NRF24_setPALevel
                0x000000000800077e       0x72 Core/Src/MY_NRF24.o
                0x000000000800077e                NRF24_setPALevel
 .text.NRF24_setDataRate
                0x00000000080007f0       0x8c Core/Src/MY_NRF24.o
                0x00000000080007f0                NRF24_setDataRate
 .text.NRF24_setCRCLength
                0x000000000800087c       0x50 Core/Src/MY_NRF24.o
                0x000000000800087c                NRF24_setCRCLength
 .text.NRF24_powerDown
                0x00000000080008cc       0x1e Core/Src/MY_NRF24.o
                0x00000000080008cc                NRF24_powerDown
 .text.NRF24_availablePipe
                0x00000000080008ea       0x60 Core/Src/MY_NRF24.o
                0x00000000080008ea                NRF24_availablePipe
 .text.NRF24_startWrite
                0x000000000800094a       0x52 Core/Src/MY_NRF24.o
                0x000000000800094a                NRF24_startWrite
 .text.NRF24_whatHappened
                0x000000000800099c       0x66 Core/Src/MY_NRF24.o
                0x000000000800099c                NRF24_whatHappened
 .text.NRF24_resetStatus
                0x0000000008000a02       0x10 Core/Src/MY_NRF24.o
                0x0000000008000a02                NRF24_resetStatus
 *fill*         0x0000000008000a12        0x2 
 .text.NRF24_ACTIVATE_cmd
                0x0000000008000a14       0x34 Core/Src/MY_NRF24.o
                0x0000000008000a14                NRF24_ACTIVATE_cmd
 .text.printRadioSettings
                0x0000000008000a48      0x65c Core/Src/MY_NRF24.o
                0x0000000008000a48                printRadioSettings
 .text.main     0x00000000080010a4       0x74 Core/Src/main.o
                0x00000000080010a4                main
 .text.SystemClock_Config
                0x0000000008001118       0x8a Core/Src/main.o
                0x0000000008001118                SystemClock_Config
 *fill*         0x00000000080011a2        0x2 
 .text.MX_SPI1_Init
                0x00000000080011a4       0x6c Core/Src/main.o
 .text.MX_GPIO_Init
                0x0000000008001210       0x98 Core/Src/main.o
 .text.Error_Handler
                0x00000000080012a8        0xc Core/Src/main.o
                0x00000000080012a8                Error_Handler
 .text.HAL_MspInit
                0x00000000080012b4       0x64 Core/Src/stm32f1xx_hal_msp.o
                0x00000000080012b4                HAL_MspInit
 .text.HAL_SPI_MspInit
                0x0000000008001318       0x94 Core/Src/stm32f1xx_hal_msp.o
                0x0000000008001318                HAL_SPI_MspInit
 .text.NMI_Handler
                0x00000000080013ac        0xc Core/Src/stm32f1xx_it.o
                0x00000000080013ac                NMI_Handler
 .text.HardFault_Handler
                0x00000000080013b8        0x6 Core/Src/stm32f1xx_it.o
                0x00000000080013b8                HardFault_Handler
 .text.MemManage_Handler
                0x00000000080013be        0x6 Core/Src/stm32f1xx_it.o
                0x00000000080013be                MemManage_Handler
 .text.BusFault_Handler
                0x00000000080013c4        0x6 Core/Src/stm32f1xx_it.o
                0x00000000080013c4                BusFault_Handler
 .text.UsageFault_Handler
                0x00000000080013ca        0x6 Core/Src/stm32f1xx_it.o
                0x00000000080013ca                UsageFault_Handler
 .text.SVC_Handler
                0x00000000080013d0        0xc Core/Src/stm32f1xx_it.o
                0x00000000080013d0                SVC_Handler
 .text.DebugMon_Handler
                0x00000000080013dc        0xc Core/Src/stm32f1xx_it.o
                0x00000000080013dc                DebugMon_Handler
 .text.PendSV_Handler
                0x00000000080013e8        0xc Core/Src/stm32f1xx_it.o
                0x00000000080013e8                PendSV_Handler
 .text.SysTick_Handler
                0x00000000080013f4        0xc Core/Src/stm32f1xx_it.o
                0x00000000080013f4                SysTick_Handler
 .text._sbrk    0x0000000008001400       0x58 Core/Src/sysmem.o
                0x0000000008001400                _sbrk
 .text.SystemInit
                0x0000000008001458       0x68 Core/Src/system_stm32f1xx.o
                0x0000000008001458                SystemInit
 .text.Reset_Handler
                0x00000000080014c0       0x48 Core/Startup/startup_stm32f103c8tx.o
                0x00000000080014c0                Reset_Handler
 .text.Default_Handler
                0x0000000008001508        0x2 Core/Startup/startup_stm32f103c8tx.o
                0x0000000008001508                RTC_Alarm_IRQHandler
                0x0000000008001508                EXTI2_IRQHandler
                0x0000000008001508                TIM1_CC_IRQHandler
                0x0000000008001508                PVD_IRQHandler
                0x0000000008001508                EXTI3_IRQHandler
                0x0000000008001508                EXTI0_IRQHandler
                0x0000000008001508                I2C2_EV_IRQHandler
                0x0000000008001508                ADC1_2_IRQHandler
                0x0000000008001508                SPI1_IRQHandler
                0x0000000008001508                TAMPER_IRQHandler
                0x0000000008001508                DMA1_Channel4_IRQHandler
                0x0000000008001508                USART3_IRQHandler
                0x0000000008001508                RTC_IRQHandler
                0x0000000008001508                DMA1_Channel7_IRQHandler
                0x0000000008001508                CAN1_RX1_IRQHandler
                0x0000000008001508                TIM4_IRQHandler
                0x0000000008001508                I2C1_EV_IRQHandler
                0x0000000008001508                DMA1_Channel6_IRQHandler
                0x0000000008001508                TIM3_IRQHandler
                0x0000000008001508                RCC_IRQHandler
                0x0000000008001508                TIM1_TRG_COM_IRQHandler
                0x0000000008001508                DMA1_Channel1_IRQHandler
                0x0000000008001508                Default_Handler
                0x0000000008001508                EXTI15_10_IRQHandler
                0x0000000008001508                EXTI9_5_IRQHandler
                0x0000000008001508                SPI2_IRQHandler
                0x0000000008001508                DMA1_Channel5_IRQHandler
                0x0000000008001508                EXTI4_IRQHandler
                0x0000000008001508                USB_LP_CAN1_RX0_IRQHandler
                0x0000000008001508                USB_HP_CAN1_TX_IRQHandler
                0x0000000008001508                DMA1_Channel3_IRQHandler
                0x0000000008001508                TIM1_UP_IRQHandler
                0x0000000008001508                WWDG_IRQHandler
                0x0000000008001508                TIM2_IRQHandler
                0x0000000008001508                TIM1_BRK_IRQHandler
                0x0000000008001508                EXTI1_IRQHandler
                0x0000000008001508                USART2_IRQHandler
                0x0000000008001508                I2C2_ER_IRQHandler
                0x0000000008001508                DMA1_Channel2_IRQHandler
                0x0000000008001508                CAN1_SCE_IRQHandler
                0x0000000008001508                FLASH_IRQHandler
                0x0000000008001508                USART1_IRQHandler
                0x0000000008001508                I2C1_ER_IRQHandler
                0x0000000008001508                USBWakeUp_IRQHandler
 *fill*         0x000000000800150a        0x2 
 .text.HAL_Init
                0x000000000800150c       0x2c Drivers/STM32F1xx_HAL_Driver/Src/stm32f1xx_hal.o
                0x000000000800150c                HAL_Init
 .text.HAL_InitTick
                0x0000000008001538       0x60 Drivers/STM32F1xx_HAL_Driver/Src/stm32f1xx_hal.o
                0x0000000008001538                HAL_InitTick
 .text.HAL_IncTick
                0x0000000008001598       0x24 Drivers/STM32F1xx_HAL_Driver/Src/stm32f1xx_hal.o
                0x0000000008001598                HAL_IncTick
 .text.HAL_GetTick
                0x00000000080015bc       0x14 Drivers/STM32F1xx_HAL_Driver/Src/stm32f1xx_hal.o
                0x00000000080015bc                HAL_GetTick
 .text.HAL_Delay
                0x00000000080015d0       0x44 Drivers/STM32F1xx_HAL_Driver/Src/stm32f1xx_hal.o
                0x00000000080015d0                HAL_Delay
 .text.__NVIC_SetPriorityGrouping
                0x0000000008001614       0x48 Drivers/STM32F1xx_HAL_Driver/Src/stm32f1xx_hal_cortex.o
 .text.__NVIC_GetPriorityGrouping
                0x000000000800165c       0x1c Drivers/STM32F1xx_HAL_Driver/Src/stm32f1xx_hal_cortex.o
 .text.__NVIC_SetPriority
                0x0000000008001678       0x54 Drivers/STM32F1xx_HAL_Driver/Src/stm32f1xx_hal_cortex.o
 .text.NVIC_EncodePriority
                0x00000000080016cc       0x64 Drivers/STM32F1xx_HAL_Driver/Src/stm32f1xx_hal_cortex.o
 .text.SysTick_Config
                0x0000000008001730       0x44 Drivers/STM32F1xx_HAL_Driver/Src/stm32f1xx_hal_cortex.o
 .text.HAL_NVIC_SetPriorityGrouping
                0x0000000008001774       0x16 Drivers/STM32F1xx_HAL_Driver/Src/stm32f1xx_hal_cortex.o
                0x0000000008001774                HAL_NVIC_SetPriorityGrouping
 .text.HAL_NVIC_SetPriority
                0x000000000800178a       0x38 Drivers/STM32F1xx_HAL_Driver/Src/stm32f1xx_hal_cortex.o
                0x000000000800178a                HAL_NVIC_SetPriority
 .text.HAL_SYSTICK_Config
                0x00000000080017c2       0x18 Drivers/STM32F1xx_HAL_Driver/Src/stm32f1xx_hal_cortex.o
                0x00000000080017c2                HAL_SYSTICK_Config
 *fill*         0x00000000080017da        0x2 
 .text.HAL_GPIO_Init
                0x00000000080017dc      0x2b4 Drivers/STM32F1xx_HAL_Driver/Src/stm32f1xx_hal_gpio.o
                0x00000000080017dc                HAL_GPIO_Init
 .text.HAL_GPIO_WritePin
                0x0000000008001a90       0x30 Drivers/STM32F1xx_HAL_Driver/Src/stm32f1xx_hal_gpio.o
                0x0000000008001a90                HAL_GPIO_WritePin
 .text.HAL_RCC_OscConfig
                0x0000000008001ac0      0x500 Drivers/STM32F1xx_HAL_Driver/Src/stm32f1xx_hal_rcc.o
                0x0000000008001ac0                HAL_RCC_OscConfig
 .text.HAL_RCC_ClockConfig
                0x0000000008001fc0      0x1d4 Drivers/STM32F1xx_HAL_Driver/Src/stm32f1xx_hal_rcc.o
                0x0000000008001fc0                HAL_RCC_ClockConfig
 .text.HAL_RCC_GetSysClockFreq
                0x0000000008002194       0xc4 Drivers/STM32F1xx_HAL_Driver/Src/stm32f1xx_hal_rcc.o
                0x0000000008002194                HAL_RCC_GetSysClockFreq
 .text.RCC_Delay
                0x0000000008002258       0x3c Drivers/STM32F1xx_HAL_Driver/Src/stm32f1xx_hal_rcc.o
 .text.HAL_SPI_Init
                0x0000000008002294       0xc2 Drivers/STM32F1xx_HAL_Driver/Src/stm32f1xx_hal_spi.o
                0x0000000008002294                HAL_SPI_Init
 .text.HAL_SPI_Transmit
                0x0000000008002356      0x268 Drivers/STM32F1xx_HAL_Driver/Src/stm32f1xx_hal_spi.o
                0x0000000008002356                HAL_SPI_Transmit
 .text.HAL_SPI_Receive
                0x00000000080025be      0x212 Drivers/STM32F1xx_HAL_Driver/Src/stm32f1xx_hal_spi.o
                0x00000000080025be                HAL_SPI_Receive
 .text.HAL_SPI_TransmitReceive
                0x00000000080027d0      0x344 Drivers/STM32F1xx_HAL_Driver/Src/stm32f1xx_hal_spi.o
                0x00000000080027d0                HAL_SPI_TransmitReceive
 .text.SPI_WaitFlagStateUntilTimeout
                0x0000000008002b14       0xd4 Drivers/STM32F1xx_HAL_Driver/Src/stm32f1xx_hal_spi.o
 .text.SPI_EndRxTransaction
                0x0000000008002be8       0xa4 Drivers/STM32F1xx_HAL_Driver/Src/stm32f1xx_hal_spi.o
 .text.SPI_EndRxTxTransaction
                0x0000000008002c8c       0x3c Drivers/STM32F1xx_HAL_Driver/Src/stm32f1xx_hal_spi.o
 .text.__errno  0x0000000008002cc8        0xc c:/st/stm32cubeide_1.1.0/stm32cubeide/plugins/com.st.stm32cube.ide.mcu.externaltools.gnu-tools-for-stm32.7-2018-q2-update.win32_1.0.0.201904181610/tools/bin/../lib/gcc/arm-none-eabi/7.3.1/../../../../arm-none-eabi/lib/thumb/v7-m\libc_nano.a(lib_a-errno.o)
                0x0000000008002cc8                __errno
 .text.__libc_init_array
                0x0000000008002cd4       0x48 c:/st/stm32cubeide_1.1.0/stm32cubeide/plugins/com.st.stm32cube.ide.mcu.externaltools.gnu-tools-for-stm32.7-2018-q2-update.win32_1.0.0.201904181610/tools/bin/../lib/gcc/arm-none-eabi/7.3.1/../../../../arm-none-eabi/lib/thumb/v7-m\libc_nano.a(lib_a-init.o)
                0x0000000008002cd4                __libc_init_array
 .text.memcpy   0x0000000008002d1c       0x16 c:/st/stm32cubeide_1.1.0/stm32cubeide/plugins/com.st.stm32cube.ide.mcu.externaltools.gnu-tools-for-stm32.7-2018-q2-update.win32_1.0.0.201904181610/tools/bin/../lib/gcc/arm-none-eabi/7.3.1/../../../../arm-none-eabi/lib/thumb/v7-m\libc_nano.a(lib_a-memcpy-stub.o)
                0x0000000008002d1c                memcpy
 .text.memset   0x0000000008002d32       0x10 c:/st/stm32cubeide_1.1.0/stm32cubeide/plugins/com.st.stm32cube.ide.mcu.externaltools.gnu-tools-for-stm32.7-2018-q2-update.win32_1.0.0.201904181610/tools/bin/../lib/gcc/arm-none-eabi/7.3.1/../../../../arm-none-eabi/lib/thumb/v7-m\libc_nano.a(lib_a-memset.o)
                0x0000000008002d32                memset
 *fill*         0x0000000008002d42        0x2 
 .text.sprintf  0x0000000008002d44       0x40 c:/st/stm32cubeide_1.1.0/stm32cubeide/plugins/com.st.stm32cube.ide.mcu.externaltools.gnu-tools-for-stm32.7-2018-q2-update.win32_1.0.0.201904181610/tools/bin/../lib/gcc/arm-none-eabi/7.3.1/../../../../arm-none-eabi/lib/thumb/v7-m\libc_nano.a(lib_a-sprintf.o)
                0x0000000008002d44                siprintf
                0x0000000008002d44                sprintf
 .text.__ssputs_r
                0x0000000008002d84       0xb4 c:/st/stm32cubeide_1.1.0/stm32cubeide/plugins/com.st.stm32cube.ide.mcu.externaltools.gnu-tools-for-stm32.7-2018-q2-update.win32_1.0.0.201904181610/tools/bin/../lib/gcc/arm-none-eabi/7.3.1/../../../../arm-none-eabi/lib/thumb/v7-m\libc_nano.a(lib_a-nano-svfprintf.o)
                0x0000000008002d84                __ssputs_r
 .text._svfprintf_r
                0x0000000008002e38      0x1f0 c:/st/stm32cubeide_1.1.0/stm32cubeide/plugins/com.st.stm32cube.ide.mcu.externaltools.gnu-tools-for-stm32.7-2018-q2-update.win32_1.0.0.201904181610/tools/bin/../lib/gcc/arm-none-eabi/7.3.1/../../../../arm-none-eabi/lib/thumb/v7-m\libc_nano.a(lib_a-nano-svfprintf.o)
                0x0000000008002e38                _svfiprintf_r
                0x0000000008002e38                _svfprintf_r
 .text._printf_common
                0x0000000008003028       0xec c:/st/stm32cubeide_1.1.0/stm32cubeide/plugins/com.st.stm32cube.ide.mcu.externaltools.gnu-tools-for-stm32.7-2018-q2-update.win32_1.0.0.201904181610/tools/bin/../lib/gcc/arm-none-eabi/7.3.1/../../../../arm-none-eabi/lib/thumb/v7-m\libc_nano.a(lib_a-nano-vfprintf_i.o)
                0x0000000008003028                _printf_common
 .text._printf_i
                0x0000000008003114      0x224 c:/st/stm32cubeide_1.1.0/stm32cubeide/plugins/com.st.stm32cube.ide.mcu.externaltools.gnu-tools-for-stm32.7-2018-q2-update.win32_1.0.0.201904181610/tools/bin/../lib/gcc/arm-none-eabi/7.3.1/../../../../arm-none-eabi/lib/thumb/v7-m\libc_nano.a(lib_a-nano-vfprintf_i.o)
                0x0000000008003114                _printf_i
 .text.memchr   0x0000000008003338       0x1c c:/st/stm32cubeide_1.1.0/stm32cubeide/plugins/com.st.stm32cube.ide.mcu.externaltools.gnu-tools-for-stm32.7-2018-q2-update.win32_1.0.0.201904181610/tools/bin/../lib/gcc/arm-none-eabi/7.3.1/../../../../arm-none-eabi/lib/thumb/v7-m\libc_nano.a(lib_a-memchr-stub.o)
                0x0000000008003338                memchr
 .text.memmove  0x0000000008003354       0x32 c:/st/stm32cubeide_1.1.0/stm32cubeide/plugins/com.st.stm32cube.ide.mcu.externaltools.gnu-tools-for-stm32.7-2018-q2-update.win32_1.0.0.201904181610/tools/bin/../lib/gcc/arm-none-eabi/7.3.1/../../../../arm-none-eabi/lib/thumb/v7-m\libc_nano.a(lib_a-memmove.o)
                0x0000000008003354                memmove
 *fill*         0x0000000008003386        0x2 
 .text._free_r  0x0000000008003388       0x98 c:/st/stm32cubeide_1.1.0/stm32cubeide/plugins/com.st.stm32cube.ide.mcu.externaltools.gnu-tools-for-stm32.7-2018-q2-update.win32_1.0.0.201904181610/tools/bin/../lib/gcc/arm-none-eabi/7.3.1/../../../../arm-none-eabi/lib/thumb/v7-m\libc_nano.a(lib_a-nano-freer.o)
                0x0000000008003388                _free_r
 .text._malloc_r
                0x0000000008003420       0xb4 c:/st/stm32cubeide_1.1.0/stm32cubeide/plugins/com.st.stm32cube.ide.mcu.externaltools.gnu-tools-for-stm32.7-2018-q2-update.win32_1.0.0.201904181610/tools/bin/../lib/gcc/arm-none-eabi/7.3.1/../../../../arm-none-eabi/lib/thumb/v7-m\libc_nano.a(lib_a-nano-mallocr.o)
                0x0000000008003420                _malloc_r
 .text._realloc_r
                0x00000000080034d4       0x4c c:/st/stm32cubeide_1.1.0/stm32cubeide/plugins/com.st.stm32cube.ide.mcu.externaltools.gnu-tools-for-stm32.7-2018-q2-update.win32_1.0.0.201904181610/tools/bin/../lib/gcc/arm-none-eabi/7.3.1/../../../../arm-none-eabi/lib/thumb/v7-m\libc_nano.a(lib_a-nano-reallocr.o)
                0x00000000080034d4                _realloc_r
 .text._sbrk_r  0x0000000008003520       0x20 c:/st/stm32cubeide_1.1.0/stm32cubeide/plugins/com.st.stm32cube.ide.mcu.externaltools.gnu-tools-for-stm32.7-2018-q2-update.win32_1.0.0.201904181610/tools/bin/../lib/gcc/arm-none-eabi/7.3.1/../../../../arm-none-eabi/lib/thumb/v7-m\libc_nano.a(lib_a-sbrkr.o)
                0x0000000008003520                _sbrk_r
 .text.__malloc_lock
                0x0000000008003540        0x2 c:/st/stm32cubeide_1.1.0/stm32cubeide/plugins/com.st.stm32cube.ide.mcu.externaltools.gnu-tools-for-stm32.7-2018-q2-update.win32_1.0.0.201904181610/tools/bin/../lib/gcc/arm-none-eabi/7.3.1/../../../../arm-none-eabi/lib/thumb/v7-m\libc_nano.a(lib_a-mlock.o)
                0x0000000008003540                __malloc_lock
 .text.__malloc_unlock
                0x0000000008003542        0x2 c:/st/stm32cubeide_1.1.0/stm32cubeide/plugins/com.st.stm32cube.ide.mcu.externaltools.gnu-tools-for-stm32.7-2018-q2-update.win32_1.0.0.201904181610/tools/bin/../lib/gcc/arm-none-eabi/7.3.1/../../../../arm-none-eabi/lib/thumb/v7-m\libc_nano.a(lib_a-mlock.o)
                0x0000000008003542                __malloc_unlock
 .text._malloc_usable_size_r
                0x0000000008003544       0x10 c:/st/stm32cubeide_1.1.0/stm32cubeide/plugins/com.st.stm32cube.ide.mcu.externaltools.gnu-tools-for-stm32.7-2018-q2-update.win32_1.0.0.201904181610/tools/bin/../lib/gcc/arm-none-eabi/7.3.1/../../../../arm-none-eabi/lib/thumb/v7-m\libc_nano.a(lib_a-nano-msizer.o)
                0x0000000008003544                _malloc_usable_size_r
 *(.glue_7)
 .glue_7        0x0000000008003554        0x0 linker stubs
 *(.glue_7t)
 .glue_7t       0x0000000008003554        0x0 linker stubs
 *(.eh_frame)
 .eh_frame      0x0000000008003554        0x0 c:/st/stm32cubeide_1.1.0/stm32cubeide/plugins/com.st.stm32cube.ide.mcu.externaltools.gnu-tools-for-stm32.7-2018-q2-update.win32_1.0.0.201904181610/tools/bin/../lib/gcc/arm-none-eabi/7.3.1/thumb/v7-m/crtbegin.o
 *(.init)
 .init          0x0000000008003554        0x4 c:/st/stm32cubeide_1.1.0/stm32cubeide/plugins/com.st.stm32cube.ide.mcu.externaltools.gnu-tools-for-stm32.7-2018-q2-update.win32_1.0.0.201904181610/tools/bin/../lib/gcc/arm-none-eabi/7.3.1/thumb/v7-m/crti.o
                0x0000000008003554                _init
 .init          0x0000000008003558        0x8 c:/st/stm32cubeide_1.1.0/stm32cubeide/plugins/com.st.stm32cube.ide.mcu.externaltools.gnu-tools-for-stm32.7-2018-q2-update.win32_1.0.0.201904181610/tools/bin/../lib/gcc/arm-none-eabi/7.3.1/thumb/v7-m/crtn.o
 *(.fini)
 .fini          0x0000000008003560        0x4 c:/st/stm32cubeide_1.1.0/stm32cubeide/plugins/com.st.stm32cube.ide.mcu.externaltools.gnu-tools-for-stm32.7-2018-q2-update.win32_1.0.0.201904181610/tools/bin/../lib/gcc/arm-none-eabi/7.3.1/thumb/v7-m/crti.o
                0x0000000008003560                _fini
 .fini          0x0000000008003564        0x8 c:/st/stm32cubeide_1.1.0/stm32cubeide/plugins/com.st.stm32cube.ide.mcu.externaltools.gnu-tools-for-stm32.7-2018-q2-update.win32_1.0.0.201904181610/tools/bin/../lib/gcc/arm-none-eabi/7.3.1/thumb/v7-m/crtn.o
                0x000000000800356c                . = ALIGN (0x4)
                0x000000000800356c                _etext = .

.vfp11_veneer   0x000000000800356c        0x0
 .vfp11_veneer  0x000000000800356c        0x0 linker stubs

.v4_bx          0x000000000800356c        0x0
 .v4_bx         0x000000000800356c        0x0 linker stubs

.iplt           0x000000000800356c        0x0
 .iplt          0x000000000800356c        0x0 c:/st/stm32cubeide_1.1.0/stm32cubeide/plugins/com.st.stm32cube.ide.mcu.externaltools.gnu-tools-for-stm32.7-2018-q2-update.win32_1.0.0.201904181610/tools/bin/../lib/gcc/arm-none-eabi/7.3.1/thumb/v7-m/crtbegin.o

.rodata         0x000000000800356c      0x59c
                0x000000000800356c                . = ALIGN (0x4)
 *(.rodata)
 .rodata        0x000000000800356c      0x541 Core/Src/MY_NRF24.o
 *fill*         0x0000000008003aad        0x3 
 .rodata        0x0000000008003ab0       0x12 Drivers/STM32F1xx_HAL_Driver/Src/stm32f1xx_hal_rcc.o
 *(.rodata*)
 *fill*         0x0000000008003ac2        0x2 
 .rodata.AHBPrescTable
                0x0000000008003ac4       0x10 Core/Src/system_stm32f1xx.o
                0x0000000008003ac4                AHBPrescTable
 .rodata._svfprintf_r.str1.1
                0x0000000008003ad4       0x11 c:/st/stm32cubeide_1.1.0/stm32cubeide/plugins/com.st.stm32cube.ide.mcu.externaltools.gnu-tools-for-stm32.7-2018-q2-update.win32_1.0.0.201904181610/tools/bin/../lib/gcc/arm-none-eabi/7.3.1/../../../../arm-none-eabi/lib/thumb/v7-m\libc_nano.a(lib_a-nano-svfprintf.o)
 .rodata._printf_i.str1.1
                0x0000000008003ae5       0x22 c:/st/stm32cubeide_1.1.0/stm32cubeide/plugins/com.st.stm32cube.ide.mcu.externaltools.gnu-tools-for-stm32.7-2018-q2-update.win32_1.0.0.201904181610/tools/bin/../lib/gcc/arm-none-eabi/7.3.1/../../../../arm-none-eabi/lib/thumb/v7-m\libc_nano.a(lib_a-nano-vfprintf_i.o)
                0x0000000008003b08                . = ALIGN (0x4)
 *fill*         0x0000000008003b07        0x1 

.rel.dyn        0x0000000008003b08        0x0
 .rel.iplt      0x0000000008003b08        0x0 c:/st/stm32cubeide_1.1.0/stm32cubeide/plugins/com.st.stm32cube.ide.mcu.externaltools.gnu-tools-for-stm32.7-2018-q2-update.win32_1.0.0.201904181610/tools/bin/../lib/gcc/arm-none-eabi/7.3.1/thumb/v7-m/crtbegin.o

.ARM.extab      0x0000000008003b08        0x0
                0x0000000008003b08                . = ALIGN (0x4)
 *(.ARM.extab* .gnu.linkonce.armextab.*)
                0x0000000008003b08                . = ALIGN (0x4)

.ARM            0x0000000008003b08        0x0
                0x0000000008003b08                . = ALIGN (0x4)
                0x0000000008003b08                __exidx_start = .
 *(.ARM.exidx*)
                0x0000000008003b08                __exidx_end = .
                0x0000000008003b08                . = ALIGN (0x4)

.preinit_array  0x0000000008003b08        0x0
                0x0000000008003b08                . = ALIGN (0x4)
                0x0000000008003b08                PROVIDE (__preinit_array_start = .)
 *(.preinit_array*)
                0x0000000008003b08                PROVIDE (__preinit_array_end = .)
                0x0000000008003b08                . = ALIGN (0x4)

.init_array     0x0000000008003b08        0x4
                0x0000000008003b08                . = ALIGN (0x4)
                0x0000000008003b08                PROVIDE (__init_array_start = .)
 *(SORT_BY_NAME(.init_array.*))
 *(.init_array*)
 .init_array    0x0000000008003b08        0x4 c:/st/stm32cubeide_1.1.0/stm32cubeide/plugins/com.st.stm32cube.ide.mcu.externaltools.gnu-tools-for-stm32.7-2018-q2-update.win32_1.0.0.201904181610/tools/bin/../lib/gcc/arm-none-eabi/7.3.1/thumb/v7-m/crtbegin.o
                0x0000000008003b0c                PROVIDE (__init_array_end = .)
                0x0000000008003b0c                . = ALIGN (0x4)

.fini_array     0x0000000008003b0c        0x4
                0x0000000008003b0c                . = ALIGN (0x4)
                [!provide]                        PROVIDE (__fini_array_start = .)
 *(SORT_BY_NAME(.fini_array.*))
 *(.fini_array*)
 .fini_array    0x0000000008003b0c        0x4 c:/st/stm32cubeide_1.1.0/stm32cubeide/plugins/com.st.stm32cube.ide.mcu.externaltools.gnu-tools-for-stm32.7-2018-q2-update.win32_1.0.0.201904181610/tools/bin/../lib/gcc/arm-none-eabi/7.3.1/thumb/v7-m/crtbegin.o
                [!provide]                        PROVIDE (__fini_array_end = .)
                0x0000000008003b10                . = ALIGN (0x4)
                0x0000000008003b10                _sidata = LOADADDR (.data)

.data           0x0000000020000000       0x98 load address 0x0000000008003b10
                0x0000000020000000                . = ALIGN (0x4)
                0x0000000020000000                _sdata = .
 *(.data)
 *(.data*)
 .data.TxpipeAddrs
                0x0000000020000000        0x8 Core/Src/main.o
                0x0000000020000000                TxpipeAddrs
 .data.myTxData
                0x0000000020000008       0x20 Core/Src/main.o
                0x0000000020000008                myTxData
 .data.SystemCoreClock
                0x0000000020000028        0x4 Core/Src/system_stm32f1xx.o
                0x0000000020000028                SystemCoreClock
 .data.uwTickPrio
                0x000000002000002c        0x4 Drivers/STM32F1xx_HAL_Driver/Src/stm32f1xx_hal.o
                0x000000002000002c                uwTickPrio
 .data.uwTickFreq
                0x0000000020000030        0x1 Drivers/STM32F1xx_HAL_Driver/Src/stm32f1xx_hal.o
                0x0000000020000030                uwTickFreq
 *fill*         0x0000000020000031        0x3 
 .data._impure_ptr
                0x0000000020000034        0x4 c:/st/stm32cubeide_1.1.0/stm32cubeide/plugins/com.st.stm32cube.ide.mcu.externaltools.gnu-tools-for-stm32.7-2018-q2-update.win32_1.0.0.201904181610/tools/bin/../lib/gcc/arm-none-eabi/7.3.1/../../../../arm-none-eabi/lib/thumb/v7-m\libc_nano.a(lib_a-impure.o)
                0x0000000020000034                _impure_ptr
 .data.impure_data
                0x0000000020000038       0x60 c:/st/stm32cubeide_1.1.0/stm32cubeide/plugins/com.st.stm32cube.ide.mcu.externaltools.gnu-tools-for-stm32.7-2018-q2-update.win32_1.0.0.201904181610/tools/bin/../lib/gcc/arm-none-eabi/7.3.1/../../../../arm-none-eabi/lib/thumb/v7-m\libc_nano.a(lib_a-impure.o)
                0x0000000020000098                . = ALIGN (0x4)
                0x0000000020000098                _edata = .

.igot.plt       0x0000000020000098        0x0 load address 0x0000000008003ba8
 .igot.plt      0x0000000020000098        0x0 c:/st/stm32cubeide_1.1.0/stm32cubeide/plugins/com.st.stm32cube.ide.mcu.externaltools.gnu-tools-for-stm32.7-2018-q2-update.win32_1.0.0.201904181610/tools/bin/../lib/gcc/arm-none-eabi/7.3.1/thumb/v7-m/crtbegin.o
                0x0000000020000098                . = ALIGN (0x4)

.bss            0x0000000020000098       0xf0 load address 0x0000000008003ba8
                0x0000000020000098                _sbss = .
                0x0000000020000098                __bss_start__ = _sbss
 *(.bss)
 .bss           0x0000000020000098       0x1c c:/st/stm32cubeide_1.1.0/stm32cubeide/plugins/com.st.stm32cube.ide.mcu.externaltools.gnu-tools-for-stm32.7-2018-q2-update.win32_1.0.0.201904181610/tools/bin/../lib/gcc/arm-none-eabi/7.3.1/thumb/v7-m/crtbegin.o
 *(.bss*)
 .bss.ack_payload_available
                0x00000000200000b4        0x1 Core/Src/MY_NRF24.o
 .bss.ack_payload_length
                0x00000000200000b5        0x1 Core/Src/MY_NRF24.o
 .bss.payload_size
                0x00000000200000b6        0x1 Core/Src/MY_NRF24.o
 .bss.dynamic_payloads_enabled
                0x00000000200000b7        0x1 Core/Src/MY_NRF24.o
 .bss.wide_band
                0x00000000200000b8        0x1 Core/Src/MY_NRF24.o
 *fill*         0x00000000200000b9        0x3 
 .bss.nrf24_PORT
                0x00000000200000bc        0x4 Core/Src/MY_NRF24.o
 .bss.nrf24_CSN_PIN
                0x00000000200000c0        0x2 Core/Src/MY_NRF24.o
 .bss.nrf24_CE_PIN
                0x00000000200000c2        0x2 Core/Src/MY_NRF24.o
 .bss.nrf24_hspi
                0x00000000200000c4       0x58 Core/Src/MY_NRF24.o
 .bss.heap_end.5149
                0x000000002000011c        0x4 Core/Src/sysmem.o
 .bss.__malloc_free_list
                0x0000000020000120        0x4 c:/st/stm32cubeide_1.1.0/stm32cubeide/plugins/com.st.stm32cube.ide.mcu.externaltools.gnu-tools-for-stm32.7-2018-q2-update.win32_1.0.0.201904181610/tools/bin/../lib/gcc/arm-none-eabi/7.3.1/../../../../arm-none-eabi/lib/thumb/v7-m\libc_nano.a(lib_a-nano-mallocr.o)
                0x0000000020000120                __malloc_free_list
 .bss.__malloc_sbrk_start
                0x0000000020000124        0x4 c:/st/stm32cubeide_1.1.0/stm32cubeide/plugins/com.st.stm32cube.ide.mcu.externaltools.gnu-tools-for-stm32.7-2018-q2-update.win32_1.0.0.201904181610/tools/bin/../lib/gcc/arm-none-eabi/7.3.1/../../../../arm-none-eabi/lib/thumb/v7-m\libc_nano.a(lib_a-nano-mallocr.o)
                0x0000000020000124                __malloc_sbrk_start
 *(COMMON)
 COMMON         0x0000000020000128       0x58 Core/Src/main.o
                0x0000000020000128                hspi1
 COMMON         0x0000000020000180        0x4 Drivers/STM32F1xx_HAL_Driver/Src/stm32f1xx_hal.o
                0x0000000020000180                uwTick
 COMMON         0x0000000020000184        0x4 c:/st/stm32cubeide_1.1.0/stm32cubeide/plugins/com.st.stm32cube.ide.mcu.externaltools.gnu-tools-for-stm32.7-2018-q2-update.win32_1.0.0.201904181610/tools/bin/../lib/gcc/arm-none-eabi/7.3.1/../../../../arm-none-eabi/lib/thumb/v7-m\libc_nano.a(lib_a-reent.o)
                0x0000000020000184                errno
                0x0000000020000188                . = ALIGN (0x4)
                0x0000000020000188                _ebss = .
                0x0000000020000188                __bss_end__ = _ebss

._user_heap_stack
                0x0000000020000188      0x600 load address 0x0000000008003ba8
                0x0000000020000188                . = ALIGN (0x8)
                0x0000000020000188                PROVIDE (end = .)
                [!provide]                        PROVIDE (_end = .)
                0x0000000020000388                . = (. + _Min_Heap_Size)
 *fill*         0x0000000020000188      0x200 
                0x0000000020000788                . = (. + _Min_Stack_Size)
 *fill*         0x0000000020000388      0x400 
                0x0000000020000788                . = ALIGN (0x8)

/DISCARD/
 libc.a(*)
 libm.a(*)
 libgcc.a(*)

.ARM.attributes
                0x0000000000000000       0x29
 *(.ARM.attributes)
 .ARM.attributes
                0x0000000000000000       0x1d c:/st/stm32cubeide_1.1.0/stm32cubeide/plugins/com.st.stm32cube.ide.mcu.externaltools.gnu-tools-for-stm32.7-2018-q2-update.win32_1.0.0.201904181610/tools/bin/../lib/gcc/arm-none-eabi/7.3.1/thumb/v7-m/crti.o
 .ARM.attributes
                0x000000000000001d       0x2d c:/st/stm32cubeide_1.1.0/stm32cubeide/plugins/com.st.stm32cube.ide.mcu.externaltools.gnu-tools-for-stm32.7-2018-q2-update.win32_1.0.0.201904181610/tools/bin/../lib/gcc/arm-none-eabi/7.3.1/thumb/v7-m/crtbegin.o
 .ARM.attributes
                0x000000000000004a       0x33 Core/Src/MY_NRF24.o
 .ARM.attributes
                0x000000000000007d       0x33 Core/Src/main.o
 .ARM.attributes
                0x00000000000000b0       0x33 Core/Src/stm32f1xx_hal_msp.o
 .ARM.attributes
                0x00000000000000e3       0x33 Core/Src/stm32f1xx_it.o
 .ARM.attributes
                0x0000000000000116       0x33 Core/Src/sysmem.o
 .ARM.attributes
                0x0000000000000149       0x33 Core/Src/system_stm32f1xx.o
 .ARM.attributes
                0x000000000000017c       0x21 Core/Startup/startup_stm32f103c8tx.o
 .ARM.attributes
                0x000000000000019d       0x33 Drivers/STM32F1xx_HAL_Driver/Src/stm32f1xx_hal.o
 .ARM.attributes
                0x00000000000001d0       0x33 Drivers/STM32F1xx_HAL_Driver/Src/stm32f1xx_hal_cortex.o
 .ARM.attributes
                0x0000000000000203       0x33 Drivers/STM32F1xx_HAL_Driver/Src/stm32f1xx_hal_gpio.o
 .ARM.attributes
                0x0000000000000236       0x33 Drivers/STM32F1xx_HAL_Driver/Src/stm32f1xx_hal_rcc.o
 .ARM.attributes
                0x0000000000000269       0x33 Drivers/STM32F1xx_HAL_Driver/Src/stm32f1xx_hal_spi.o
 .ARM.attributes
                0x000000000000029c       0x2d c:/st/stm32cubeide_1.1.0/stm32cubeide/plugins/com.st.stm32cube.ide.mcu.externaltools.gnu-tools-for-stm32.7-2018-q2-update.win32_1.0.0.201904181610/tools/bin/../lib/gcc/arm-none-eabi/7.3.1/../../../../arm-none-eabi/lib/thumb/v7-m\libc_nano.a(lib_a-errno.o)
 .ARM.attributes
                0x00000000000002c9       0x2d c:/st/stm32cubeide_1.1.0/stm32cubeide/plugins/com.st.stm32cube.ide.mcu.externaltools.gnu-tools-for-stm32.7-2018-q2-update.win32_1.0.0.201904181610/tools/bin/../lib/gcc/arm-none-eabi/7.3.1/../../../../arm-none-eabi/lib/thumb/v7-m\libc_nano.a(lib_a-impure.o)
 .ARM.attributes
                0x00000000000002f6       0x2d c:/st/stm32cubeide_1.1.0/stm32cubeide/plugins/com.st.stm32cube.ide.mcu.externaltools.gnu-tools-for-stm32.7-2018-q2-update.win32_1.0.0.201904181610/tools/bin/../lib/gcc/arm-none-eabi/7.3.1/../../../../arm-none-eabi/lib/thumb/v7-m\libc_nano.a(lib_a-init.o)
 .ARM.attributes
                0x0000000000000323       0x2d c:/st/stm32cubeide_1.1.0/stm32cubeide/plugins/com.st.stm32cube.ide.mcu.externaltools.gnu-tools-for-stm32.7-2018-q2-update.win32_1.0.0.201904181610/tools/bin/../lib/gcc/arm-none-eabi/7.3.1/../../../../arm-none-eabi/lib/thumb/v7-m\libc_nano.a(lib_a-memcpy-stub.o)
 .ARM.attributes
                0x0000000000000350       0x2d c:/st/stm32cubeide_1.1.0/stm32cubeide/plugins/com.st.stm32cube.ide.mcu.externaltools.gnu-tools-for-stm32.7-2018-q2-update.win32_1.0.0.201904181610/tools/bin/../lib/gcc/arm-none-eabi/7.3.1/../../../../arm-none-eabi/lib/thumb/v7-m\libc_nano.a(lib_a-memset.o)
 .ARM.attributes
                0x000000000000037d       0x2d c:/st/stm32cubeide_1.1.0/stm32cubeide/plugins/com.st.stm32cube.ide.mcu.externaltools.gnu-tools-for-stm32.7-2018-q2-update.win32_1.0.0.201904181610/tools/bin/../lib/gcc/arm-none-eabi/7.3.1/../../../../arm-none-eabi/lib/thumb/v7-m\libc_nano.a(lib_a-sprintf.o)
 .ARM.attributes
                0x00000000000003aa       0x2d c:/st/stm32cubeide_1.1.0/stm32cubeide/plugins/com.st.stm32cube.ide.mcu.externaltools.gnu-tools-for-stm32.7-2018-q2-update.win32_1.0.0.201904181610/tools/bin/../lib/gcc/arm-none-eabi/7.3.1/../../../../arm-none-eabi/lib/thumb/v7-m\libc_nano.a(lib_a-nano-svfprintf.o)
 .ARM.attributes
                0x00000000000003d7       0x2d c:/st/stm32cubeide_1.1.0/stm32cubeide/plugins/com.st.stm32cube.ide.mcu.externaltools.gnu-tools-for-stm32.7-2018-q2-update.win32_1.0.0.201904181610/tools/bin/../lib/gcc/arm-none-eabi/7.3.1/../../../../arm-none-eabi/lib/thumb/v7-m\libc_nano.a(lib_a-nano-vfprintf_i.o)
 .ARM.attributes
                0x0000000000000404       0x2d c:/st/stm32cubeide_1.1.0/stm32cubeide/plugins/com.st.stm32cube.ide.mcu.externaltools.gnu-tools-for-stm32.7-2018-q2-update.win32_1.0.0.201904181610/tools/bin/../lib/gcc/arm-none-eabi/7.3.1/../../../../arm-none-eabi/lib/thumb/v7-m\libc_nano.a(lib_a-memchr-stub.o)
 .ARM.attributes
                0x0000000000000431       0x2d c:/st/stm32cubeide_1.1.0/stm32cubeide/plugins/com.st.stm32cube.ide.mcu.externaltools.gnu-tools-for-stm32.7-2018-q2-update.win32_1.0.0.201904181610/tools/bin/../lib/gcc/arm-none-eabi/7.3.1/../../../../arm-none-eabi/lib/thumb/v7-m\libc_nano.a(lib_a-memmove.o)
 .ARM.attributes
                0x000000000000045e       0x2d c:/st/stm32cubeide_1.1.0/stm32cubeide/plugins/com.st.stm32cube.ide.mcu.externaltools.gnu-tools-for-stm32.7-2018-q2-update.win32_1.0.0.201904181610/tools/bin/../lib/gcc/arm-none-eabi/7.3.1/../../../../arm-none-eabi/lib/thumb/v7-m\libc_nano.a(lib_a-nano-freer.o)
 .ARM.attributes
                0x000000000000048b       0x2d c:/st/stm32cubeide_1.1.0/stm32cubeide/plugins/com.st.stm32cube.ide.mcu.externaltools.gnu-tools-for-stm32.7-2018-q2-update.win32_1.0.0.201904181610/tools/bin/../lib/gcc/arm-none-eabi/7.3.1/../../../../arm-none-eabi/lib/thumb/v7-m\libc_nano.a(lib_a-nano-mallocr.o)
 .ARM.attributes
                0x00000000000004b8       0x2d c:/st/stm32cubeide_1.1.0/stm32cubeide/plugins/com.st.stm32cube.ide.mcu.externaltools.gnu-tools-for-stm32.7-2018-q2-update.win32_1.0.0.201904181610/tools/bin/../lib/gcc/arm-none-eabi/7.3.1/../../../../arm-none-eabi/lib/thumb/v7-m\libc_nano.a(lib_a-nano-reallocr.o)
 .ARM.attributes
                0x00000000000004e5       0x2d c:/st/stm32cubeide_1.1.0/stm32cubeide/plugins/com.st.stm32cube.ide.mcu.externaltools.gnu-tools-for-stm32.7-2018-q2-update.win32_1.0.0.201904181610/tools/bin/../lib/gcc/arm-none-eabi/7.3.1/../../../../arm-none-eabi/lib/thumb/v7-m\libc_nano.a(lib_a-sbrkr.o)
 .ARM.attributes
                0x0000000000000512       0x2d c:/st/stm32cubeide_1.1.0/stm32cubeide/plugins/com.st.stm32cube.ide.mcu.externaltools.gnu-tools-for-stm32.7-2018-q2-update.win32_1.0.0.201904181610/tools/bin/../lib/gcc/arm-none-eabi/7.3.1/../../../../arm-none-eabi/lib/thumb/v7-m\libc_nano.a(lib_a-mlock.o)
 .ARM.attributes
                0x000000000000053f       0x2d c:/st/stm32cubeide_1.1.0/stm32cubeide/plugins/com.st.stm32cube.ide.mcu.externaltools.gnu-tools-for-stm32.7-2018-q2-update.win32_1.0.0.201904181610/tools/bin/../lib/gcc/arm-none-eabi/7.3.1/../../../../arm-none-eabi/lib/thumb/v7-m\libc_nano.a(lib_a-nano-msizer.o)
 .ARM.attributes
                0x000000000000056c       0x2d c:/st/stm32cubeide_1.1.0/stm32cubeide/plugins/com.st.stm32cube.ide.mcu.externaltools.gnu-tools-for-stm32.7-2018-q2-update.win32_1.0.0.201904181610/tools/bin/../lib/gcc/arm-none-eabi/7.3.1/../../../../arm-none-eabi/lib/thumb/v7-m\libc_nano.a(lib_a-reent.o)
 .ARM.attributes
                0x0000000000000599       0x1d c:/st/stm32cubeide_1.1.0/stm32cubeide/plugins/com.st.stm32cube.ide.mcu.externaltools.gnu-tools-for-stm32.7-2018-q2-update.win32_1.0.0.201904181610/tools/bin/../lib/gcc/arm-none-eabi/7.3.1/thumb/v7-m/crtn.o
OUTPUT(EX8_RADIO_TX_NRF24L01_SPI.elf elf32-littlearm)

.debug_info     0x0000000000000000     0x7af4
 .debug_info    0x0000000000000000     0x1ae7 Core/Src/MY_NRF24.o
 .debug_info    0x0000000000001ae7     0x1218 Core/Src/main.o
 .debug_info    0x0000000000002cff      0x887 Core/Src/stm32f1xx_hal_msp.o
 .debug_info    0x0000000000003586      0x1fa Core/Src/stm32f1xx_it.o
 .debug_info    0x0000000000003780      0x91c Core/Src/sysmem.o
 .debug_info    0x000000000000409c      0x433 Core/Src/system_stm32f1xx.o
 .debug_info    0x00000000000044cf       0x22 Core/Startup/startup_stm32f103c8tx.o
 .debug_info    0x00000000000044f1      0x6fe Drivers/STM32F1xx_HAL_Driver/Src/stm32f1xx_hal.o
 .debug_info    0x0000000000004bef      0xb46 Drivers/STM32F1xx_HAL_Driver/Src/stm32f1xx_hal_cortex.o
 .debug_info    0x0000000000005735      0x681 Drivers/STM32F1xx_HAL_Driver/Src/stm32f1xx_hal_gpio.o
 .debug_info    0x0000000000005db6      0x804 Drivers/STM32F1xx_HAL_Driver/Src/stm32f1xx_hal_rcc.o
 .debug_info    0x00000000000065ba     0x153a Drivers/STM32F1xx_HAL_Driver/Src/stm32f1xx_hal_spi.o

.debug_abbrev   0x0000000000000000     0x15a9
 .debug_abbrev  0x0000000000000000      0x31f Core/Src/MY_NRF24.o
 .debug_abbrev  0x000000000000031f      0x247 Core/Src/main.o
 .debug_abbrev  0x0000000000000566      0x18c Core/Src/stm32f1xx_hal_msp.o
 .debug_abbrev  0x00000000000006f2       0xc6 Core/Src/stm32f1xx_it.o
 .debug_abbrev  0x00000000000007b8      0x1bb Core/Src/sysmem.o
 .debug_abbrev  0x0000000000000973      0x134 Core/Src/system_stm32f1xx.o
 .debug_abbrev  0x0000000000000aa7       0x12 Core/Startup/startup_stm32f103c8tx.o
 .debug_abbrev  0x0000000000000ab9      0x1d8 Drivers/STM32F1xx_HAL_Driver/Src/stm32f1xx_hal.o
 .debug_abbrev  0x0000000000000c91      0x2d5 Drivers/STM32F1xx_HAL_Driver/Src/stm32f1xx_hal_cortex.o
 .debug_abbrev  0x0000000000000f66      0x1c0 Drivers/STM32F1xx_HAL_Driver/Src/stm32f1xx_hal_gpio.o
 .debug_abbrev  0x0000000000001126      0x243 Drivers/STM32F1xx_HAL_Driver/Src/stm32f1xx_hal_rcc.o
 .debug_abbrev  0x0000000000001369      0x240 Drivers/STM32F1xx_HAL_Driver/Src/stm32f1xx_hal_spi.o

.debug_aranges  0x0000000000000000      0x7a0
 .debug_aranges
                0x0000000000000000      0x1c8 Core/Src/MY_NRF24.o
 .debug_aranges
                0x00000000000001c8       0x40 Core/Src/main.o
 .debug_aranges
                0x0000000000000208       0x30 Core/Src/stm32f1xx_hal_msp.o
 .debug_aranges
                0x0000000000000238       0x60 Core/Src/stm32f1xx_it.o
 .debug_aranges
                0x0000000000000298       0x20 Core/Src/sysmem.o
 .debug_aranges
                0x00000000000002b8       0x28 Core/Src/system_stm32f1xx.o
 .debug_aranges
                0x00000000000002e0       0x28 Core/Startup/startup_stm32f103c8tx.o
 .debug_aranges
                0x0000000000000308       0xe0 Drivers/STM32F1xx_HAL_Driver/Src/stm32f1xx_hal.o
 .debug_aranges
                0x00000000000003e8      0x100 Drivers/STM32F1xx_HAL_Driver/Src/stm32f1xx_hal_cortex.o
 .debug_aranges
                0x00000000000004e8       0x58 Drivers/STM32F1xx_HAL_Driver/Src/stm32f1xx_hal_gpio.o
 .debug_aranges
                0x0000000000000540       0x90 Drivers/STM32F1xx_HAL_Driver/Src/stm32f1xx_hal_rcc.o
 .debug_aranges
                0x00000000000005d0      0x1d0 Drivers/STM32F1xx_HAL_Driver/Src/stm32f1xx_hal_spi.o

.debug_ranges   0x0000000000000000      0x6e8
 .debug_ranges  0x0000000000000000      0x1b8 Core/Src/MY_NRF24.o
 .debug_ranges  0x00000000000001b8       0x30 Core/Src/main.o
 .debug_ranges  0x00000000000001e8       0x20 Core/Src/stm32f1xx_hal_msp.o
 .debug_ranges  0x0000000000000208       0x50 Core/Src/stm32f1xx_it.o
 .debug_ranges  0x0000000000000258       0x10 Core/Src/sysmem.o
 .debug_ranges  0x0000000000000268       0x18 Core/Src/system_stm32f1xx.o
 .debug_ranges  0x0000000000000280       0x20 Core/Startup/startup_stm32f103c8tx.o
 .debug_ranges  0x00000000000002a0       0xd0 Drivers/STM32F1xx_HAL_Driver/Src/stm32f1xx_hal.o
 .debug_ranges  0x0000000000000370       0xf0 Drivers/STM32F1xx_HAL_Driver/Src/stm32f1xx_hal_cortex.o
 .debug_ranges  0x0000000000000460       0x48 Drivers/STM32F1xx_HAL_Driver/Src/stm32f1xx_hal_gpio.o
 .debug_ranges  0x00000000000004a8       0x80 Drivers/STM32F1xx_HAL_Driver/Src/stm32f1xx_hal_rcc.o
 .debug_ranges  0x0000000000000528      0x1c0 Drivers/STM32F1xx_HAL_Driver/Src/stm32f1xx_hal_spi.o

.debug_macro    0x0000000000000000    0x13d77
 .debug_macro   0x0000000000000000      0x361 Core/Src/MY_NRF24.o
 .debug_macro   0x0000000000000361      0xa5a Core/Src/MY_NRF24.o
 .debug_macro   0x0000000000000dbb      0x215 Core/Src/MY_NRF24.o
 .debug_macro   0x0000000000000fd0       0x2e Core/Src/MY_NRF24.o
 .debug_macro   0x0000000000000ffe       0x22 Core/Src/MY_NRF24.o
 .debug_macro   0x0000000000001020       0x22 Core/Src/MY_NRF24.o
 .debug_macro   0x0000000000001042       0x8e Core/Src/MY_NRF24.o
 .debug_macro   0x00000000000010d0       0x51 Core/Src/MY_NRF24.o
 .debug_macro   0x0000000000001121       0xef Core/Src/MY_NRF24.o
 .debug_macro   0x0000000000001210       0x6a Core/Src/MY_NRF24.o
 .debug_macro   0x000000000000127a      0x1df Core/Src/MY_NRF24.o
 .debug_macro   0x0000000000001459       0x1c Core/Src/MY_NRF24.o
 .debug_macro   0x0000000000001475       0x22 Core/Src/MY_NRF24.o
 .debug_macro   0x0000000000001497       0xc3 Core/Src/MY_NRF24.o
 .debug_macro   0x000000000000155a      0xd23 Core/Src/MY_NRF24.o
 .debug_macro   0x000000000000227d     0xe09e Core/Src/MY_NRF24.o
 .debug_macro   0x000000000001031b       0x43 Core/Src/MY_NRF24.o
 .debug_macro   0x000000000001035e      0x174 Core/Src/MY_NRF24.o
 .debug_macro   0x00000000000104d2       0x5a Core/Src/MY_NRF24.o
 .debug_macro   0x000000000001052c      0x5be Core/Src/MY_NRF24.o
 .debug_macro   0x0000000000010aea      0x289 Core/Src/MY_NRF24.o
 .debug_macro   0x0000000000010d73      0x1cb Core/Src/MY_NRF24.o
 .debug_macro   0x0000000000010f3e      0x114 Core/Src/MY_NRF24.o
 .debug_macro   0x0000000000011052      0x1b2 Core/Src/MY_NRF24.o
 .debug_macro   0x0000000000011204       0x27 Core/Src/MY_NRF24.o
 .debug_macro   0x000000000001122b      0x136 Core/Src/MY_NRF24.o
 .debug_macro   0x0000000000011361      0x1bc Core/Src/MY_NRF24.o
 .debug_macro   0x000000000001151d       0x34 Core/Src/MY_NRF24.o
 .debug_macro   0x0000000000011551       0x3c Core/Src/MY_NRF24.o
 .debug_macro   0x000000000001158d       0x57 Core/Src/MY_NRF24.o
 .debug_macro   0x00000000000115e4       0x88 Core/Src/MY_NRF24.o
 .debug_macro   0x000000000001166c      0x241 Core/Src/MY_NRF24.o
 .debug_macro   0x00000000000118ad      0x141 Core/Src/MY_NRF24.o
 .debug_macro   0x00000000000119ee      0x217 Core/Src/MY_NRF24.o
 .debug_macro   0x0000000000011c05       0x83 Core/Src/MY_NRF24.o
 .debug_macro   0x0000000000011c88      0x226 Core/Src/MY_NRF24.o
 .debug_macro   0x0000000000011eae       0x18 Core/Src/MY_NRF24.o
 .debug_macro   0x0000000000011ec6       0x46 Core/Src/MY_NRF24.o
 .debug_macro   0x0000000000011f0c       0x3c Core/Src/MY_NRF24.o
 .debug_macro   0x0000000000011f48       0x34 Core/Src/MY_NRF24.o
 .debug_macro   0x0000000000011f7c       0x16 Core/Src/MY_NRF24.o
 .debug_macro   0x0000000000011f92       0x35 Core/Src/MY_NRF24.o
 .debug_macro   0x0000000000011fc7       0x52 Core/Src/MY_NRF24.o
 .debug_macro   0x0000000000012019       0x1f Core/Src/MY_NRF24.o
 .debug_macro   0x0000000000012038       0x43 Core/Src/MY_NRF24.o
 .debug_macro   0x000000000001207b       0x20 Core/Src/MY_NRF24.o
 .debug_macro   0x000000000001209b      0x1a3 Core/Src/MY_NRF24.o
 .debug_macro   0x000000000001223e      0x32a Core/Src/MY_NRF24.o
 .debug_macro   0x0000000000012568       0x16 Core/Src/MY_NRF24.o
 .debug_macro   0x000000000001257e       0x29 Core/Src/MY_NRF24.o
 .debug_macro   0x00000000000125a7       0x22 Core/Src/MY_NRF24.o
 .debug_macro   0x00000000000125c9       0x16 Core/Src/MY_NRF24.o
 .debug_macro   0x00000000000125df       0x20 Core/Src/MY_NRF24.o
 .debug_macro   0x00000000000125ff       0x1c Core/Src/MY_NRF24.o
 .debug_macro   0x000000000001261b       0x10 Core/Src/MY_NRF24.o
 .debug_macro   0x000000000001262b       0x10 Core/Src/MY_NRF24.o
 .debug_macro   0x000000000001263b       0x1c Core/Src/MY_NRF24.o
 .debug_macro   0x0000000000012657       0x52 Core/Src/MY_NRF24.o
 .debug_macro   0x00000000000126a9       0x40 Core/Src/MY_NRF24.o
 .debug_macro   0x00000000000126e9       0x10 Core/Src/MY_NRF24.o
 .debug_macro   0x00000000000126f9       0x40 Core/Src/MY_NRF24.o
 .debug_macro   0x0000000000012739       0xd7 Core/Src/MY_NRF24.o
 .debug_macro   0x0000000000012810       0x1c Core/Src/MY_NRF24.o
 .debug_macro   0x000000000001282c       0x3d Core/Src/MY_NRF24.o
 .debug_macro   0x0000000000012869       0x16 Core/Src/MY_NRF24.o
 .debug_macro   0x000000000001287f      0x145 Core/Src/MY_NRF24.o
 .debug_macro   0x00000000000129c4      0x299 Core/Src/main.o
 .debug_macro   0x0000000000012c5d       0x1c Core/Src/main.o
 .debug_macro   0x0000000000012c79      0x194 Core/Src/stm32f1xx_hal_msp.o
 .debug_macro   0x0000000000012e0d      0x19e Core/Src/stm32f1xx_it.o
 .debug_macro   0x0000000000012fab      0x1ae Core/Src/sysmem.o
 .debug_macro   0x0000000000013159      0x23b Core/Src/sysmem.o
 .debug_macro   0x0000000000013394       0x16 Core/Src/sysmem.o
 .debug_macro   0x00000000000133aa      0x18b Core/Src/system_stm32f1xx.o
 .debug_macro   0x0000000000013535      0x1a9 Drivers/STM32F1xx_HAL_Driver/Src/stm32f1xx_hal.o
 .debug_macro   0x00000000000136de      0x185 Drivers/STM32F1xx_HAL_Driver/Src/stm32f1xx_hal_cortex.o
 .debug_macro   0x0000000000013863      0x1f0 Drivers/STM32F1xx_HAL_Driver/Src/stm32f1xx_hal_gpio.o
 .debug_macro   0x0000000000013a53      0x197 Drivers/STM32F1xx_HAL_Driver/Src/stm32f1xx_hal_rcc.o
 .debug_macro   0x0000000000013bea      0x18d Drivers/STM32F1xx_HAL_Driver/Src/stm32f1xx_hal_spi.o

.debug_line     0x0000000000000000     0x5fa9
 .debug_line    0x0000000000000000      0xde5 Core/Src/MY_NRF24.o
 .debug_line    0x0000000000000de5      0x815 Core/Src/main.o
 .debug_line    0x00000000000015fa      0x636 Core/Src/stm32f1xx_hal_msp.o
 .debug_line    0x0000000000001c30      0x6a8 Core/Src/stm32f1xx_it.o
 .debug_line    0x00000000000022d8      0x55e Core/Src/sysmem.o
 .debug_line    0x0000000000002836      0x635 Core/Src/system_stm32f1xx.o
 .debug_line    0x0000000000002e6b       0x84 Core/Startup/startup_stm32f103c8tx.o
 .debug_line    0x0000000000002eef      0x7dd Drivers/STM32F1xx_HAL_Driver/Src/stm32f1xx_hal.o
 .debug_line    0x00000000000036cc      0x8b6 Drivers/STM32F1xx_HAL_Driver/Src/stm32f1xx_hal_cortex.o
 .debug_line    0x0000000000003f82      0x7dd Drivers/STM32F1xx_HAL_Driver/Src/stm32f1xx_hal_gpio.o
 .debug_line    0x000000000000475f      0x89f Drivers/STM32F1xx_HAL_Driver/Src/stm32f1xx_hal_rcc.o
 .debug_line    0x0000000000004ffe      0xfab Drivers/STM32F1xx_HAL_Driver/Src/stm32f1xx_hal_spi.o

.debug_str      0x0000000000000000    0x6ad1f
 .debug_str     0x0000000000000000    0x68ffe Core/Src/MY_NRF24.o
                                      0x693f8 (size before relaxing)
 .debug_str     0x0000000000068ffe      0x273 Core/Src/main.o
                                      0x67d5e (size before relaxing)
 .debug_str     0x0000000000069271       0x7c Core/Src/stm32f1xx_hal_msp.o
                                      0x645ac (size before relaxing)
 .debug_str     0x00000000000692ed       0xbd Core/Src/stm32f1xx_it.o
                                      0x6419e (size before relaxing)
 .debug_str     0x00000000000693aa      0x4d1 Core/Src/sysmem.o
                                       0x7af2 (size before relaxing)
 .debug_str     0x000000000006987b       0xc2 Core/Src/system_stm32f1xx.o
                                      0x64190 (size before relaxing)
 .debug_str     0x000000000006993d       0x36 Core/Startup/startup_stm32f103c8tx.o
                                         0x97 (size before relaxing)
 .debug_str     0x0000000000069973      0x629 Drivers/STM32F1xx_HAL_Driver/Src/stm32f1xx_hal.o
                                      0x647a1 (size before relaxing)
 .debug_str     0x0000000000069f9c      0x2c8 Drivers/STM32F1xx_HAL_Driver/Src/stm32f1xx_hal_cortex.o
                                      0x647af (size before relaxing)
 .debug_str     0x000000000006a264      0x324 Drivers/STM32F1xx_HAL_Driver/Src/stm32f1xx_hal_gpio.o
                                      0x644da (size before relaxing)
 .debug_str     0x000000000006a588      0x263 Drivers/STM32F1xx_HAL_Driver/Src/stm32f1xx_hal_rcc.o
                                      0x64513 (size before relaxing)
 .debug_str     0x000000000006a7eb      0x534 Drivers/STM32F1xx_HAL_Driver/Src/stm32f1xx_hal_spi.o
                                      0x64a01 (size before relaxing)

.comment        0x0000000000000000       0x7b
 .comment       0x0000000000000000       0x7b Core/Src/MY_NRF24.o
                                         0x7c (size before relaxing)
 .comment       0x000000000000007b       0x7c Core/Src/main.o
 .comment       0x000000000000007b       0x7c Core/Src/stm32f1xx_hal_msp.o
 .comment       0x000000000000007b       0x7c Core/Src/stm32f1xx_it.o
 .comment       0x000000000000007b       0x7c Core/Src/sysmem.o
 .comment       0x000000000000007b       0x7c Core/Src/system_stm32f1xx.o
 .comment       0x000000000000007b       0x7c Drivers/STM32F1xx_HAL_Driver/Src/stm32f1xx_hal.o
 .comment       0x000000000000007b       0x7c Drivers/STM32F1xx_HAL_Driver/Src/stm32f1xx_hal_cortex.o
 .comment       0x000000000000007b       0x7c Drivers/STM32F1xx_HAL_Driver/Src/stm32f1xx_hal_gpio.o
 .comment       0x000000000000007b       0x7c Drivers/STM32F1xx_HAL_Driver/Src/stm32f1xx_hal_rcc.o
 .comment       0x000000000000007b       0x7c Drivers/STM32F1xx_HAL_Driver/Src/stm32f1xx_hal_spi.o

.debug_frame    0x0000000000000000     0x20d8
 .debug_frame   0x0000000000000000      0x76c Core/Src/MY_NRF24.o
 .debug_frame   0x000000000000076c       0xb4 Core/Src/main.o
 .debug_frame   0x0000000000000820       0x80 Core/Src/stm32f1xx_hal_msp.o
 .debug_frame   0x00000000000008a0      0x10c Core/Src/stm32f1xx_it.o
 .debug_frame   0x00000000000009ac       0x34 Core/Src/sysmem.o
 .debug_frame   0x00000000000009e0       0x58 Core/Src/system_stm32f1xx.o
 .debug_frame   0x0000000000000a38      0x334 Drivers/STM32F1xx_HAL_Driver/Src/stm32f1xx_hal.o
 .debug_frame   0x0000000000000d6c      0x428 Drivers/STM32F1xx_HAL_Driver/Src/stm32f1xx_hal_cortex.o
 .debug_frame   0x0000000000001194      0x14c Drivers/STM32F1xx_HAL_Driver/Src/stm32f1xx_hal_gpio.o
 .debug_frame   0x00000000000012e0      0x21c Drivers/STM32F1xx_HAL_Driver/Src/stm32f1xx_hal_rcc.o
 .debug_frame   0x00000000000014fc      0x824 Drivers/STM32F1xx_HAL_Driver/Src/stm32f1xx_hal_spi.o
 .debug_frame   0x0000000000001d20       0x20 c:/st/stm32cubeide_1.1.0/stm32cubeide/plugins/com.st.stm32cube.ide.mcu.externaltools.gnu-tools-for-stm32.7-2018-q2-update.win32_1.0.0.201904181610/tools/bin/../lib/gcc/arm-none-eabi/7.3.1/../../../../arm-none-eabi/lib/thumb/v7-m\libc_nano.a(lib_a-errno.o)
 .debug_frame   0x0000000000001d40       0x2c c:/st/stm32cubeide_1.1.0/stm32cubeide/plugins/com.st.stm32cube.ide.mcu.externaltools.gnu-tools-for-stm32.7-2018-q2-update.win32_1.0.0.201904181610/tools/bin/../lib/gcc/arm-none-eabi/7.3.1/../../../../arm-none-eabi/lib/thumb/v7-m\libc_nano.a(lib_a-init.o)
 .debug_frame   0x0000000000001d6c       0x28 c:/st/stm32cubeide_1.1.0/stm32cubeide/plugins/com.st.stm32cube.ide.mcu.externaltools.gnu-tools-for-stm32.7-2018-q2-update.win32_1.0.0.201904181610/tools/bin/../lib/gcc/arm-none-eabi/7.3.1/../../../../arm-none-eabi/lib/thumb/v7-m\libc_nano.a(lib_a-memcpy-stub.o)
 .debug_frame   0x0000000000001d94       0x20 c:/st/stm32cubeide_1.1.0/stm32cubeide/plugins/com.st.stm32cube.ide.mcu.externaltools.gnu-tools-for-stm32.7-2018-q2-update.win32_1.0.0.201904181610/tools/bin/../lib/gcc/arm-none-eabi/7.3.1/../../../../arm-none-eabi/lib/thumb/v7-m\libc_nano.a(lib_a-memset.o)
 .debug_frame   0x0000000000001db4       0x6c c:/st/stm32cubeide_1.1.0/stm32cubeide/plugins/com.st.stm32cube.ide.mcu.externaltools.gnu-tools-for-stm32.7-2018-q2-update.win32_1.0.0.201904181610/tools/bin/../lib/gcc/arm-none-eabi/7.3.1/../../../../arm-none-eabi/lib/thumb/v7-m\libc_nano.a(lib_a-sprintf.o)
 .debug_frame   0x0000000000001e20       0x90 c:/st/stm32cubeide_1.1.0/stm32cubeide/plugins/com.st.stm32cube.ide.mcu.externaltools.gnu-tools-for-stm32.7-2018-q2-update.win32_1.0.0.201904181610/tools/bin/../lib/gcc/arm-none-eabi/7.3.1/../../../../arm-none-eabi/lib/thumb/v7-m\libc_nano.a(lib_a-nano-svfprintf.o)
 .debug_frame   0x0000000000001eb0       0x60 c:/st/stm32cubeide_1.1.0/stm32cubeide/plugins/com.st.stm32cube.ide.mcu.externaltools.gnu-tools-for-stm32.7-2018-q2-update.win32_1.0.0.201904181610/tools/bin/../lib/gcc/arm-none-eabi/7.3.1/../../../../arm-none-eabi/lib/thumb/v7-m\libc_nano.a(lib_a-nano-vfprintf_i.o)
 .debug_frame   0x0000000000001f10       0x28 c:/st/stm32cubeide_1.1.0/stm32cubeide/plugins/com.st.stm32cube.ide.mcu.externaltools.gnu-tools-for-stm32.7-2018-q2-update.win32_1.0.0.201904181610/tools/bin/../lib/gcc/arm-none-eabi/7.3.1/../../../../arm-none-eabi/lib/thumb/v7-m\libc_nano.a(lib_a-memchr-stub.o)
 .debug_frame   0x0000000000001f38       0x28 c:/st/stm32cubeide_1.1.0/stm32cubeide/plugins/com.st.stm32cube.ide.mcu.externaltools.gnu-tools-for-stm32.7-2018-q2-update.win32_1.0.0.201904181610/tools/bin/../lib/gcc/arm-none-eabi/7.3.1/../../../../arm-none-eabi/lib/thumb/v7-m\libc_nano.a(lib_a-memmove.o)
 .debug_frame   0x0000000000001f60       0x38 c:/st/stm32cubeide_1.1.0/stm32cubeide/plugins/com.st.stm32cube.ide.mcu.externaltools.gnu-tools-for-stm32.7-2018-q2-update.win32_1.0.0.201904181610/tools/bin/../lib/gcc/arm-none-eabi/7.3.1/../../../../arm-none-eabi/lib/thumb/v7-m\libc_nano.a(lib_a-nano-freer.o)
 .debug_frame   0x0000000000001f98       0x2c c:/st/stm32cubeide_1.1.0/stm32cubeide/plugins/com.st.stm32cube.ide.mcu.externaltools.gnu-tools-for-stm32.7-2018-q2-update.win32_1.0.0.201904181610/tools/bin/../lib/gcc/arm-none-eabi/7.3.1/../../../../arm-none-eabi/lib/thumb/v7-m\libc_nano.a(lib_a-nano-mallocr.o)
 .debug_frame   0x0000000000001fc4       0x3c c:/st/stm32cubeide_1.1.0/stm32cubeide/plugins/com.st.stm32cube.ide.mcu.externaltools.gnu-tools-for-stm32.7-2018-q2-update.win32_1.0.0.201904181610/tools/bin/../lib/gcc/arm-none-eabi/7.3.1/../../../../arm-none-eabi/lib/thumb/v7-m\libc_nano.a(lib_a-nano-reallocr.o)
 .debug_frame   0x0000000000002000       0x2c c:/st/stm32cubeide_1.1.0/stm32cubeide/plugins/com.st.stm32cube.ide.mcu.externaltools.gnu-tools-for-stm32.7-2018-q2-update.win32_1.0.0.201904181610/tools/bin/../lib/gcc/arm-none-eabi/7.3.1/../../../../arm-none-eabi/lib/thumb/v7-m\libc_nano.a(lib_a-sbrkr.o)
 .debug_frame   0x000000000000202c       0x30 c:/st/stm32cubeide_1.1.0/stm32cubeide/plugins/com.st.stm32cube.ide.mcu.externaltools.gnu-tools-for-stm32.7-2018-q2-update.win32_1.0.0.201904181610/tools/bin/../lib/gcc/arm-none-eabi/7.3.1/../../../../arm-none-eabi/lib/thumb/v7-m\libc_nano.a(lib_a-mlock.o)
 .debug_frame   0x000000000000205c       0x20 c:/st/stm32cubeide_1.1.0/stm32cubeide/plugins/com.st.stm32cube.ide.mcu.externaltools.gnu-tools-for-stm32.7-2018-q2-update.win32_1.0.0.201904181610/tools/bin/../lib/gcc/arm-none-eabi/7.3.1/../../../../arm-none-eabi/lib/thumb/v7-m\libc_nano.a(lib_a-nano-msizer.o)
 .debug_frame   0x000000000000207c       0x5c c:/st/stm32cubeide_1.1.0/stm32cubeide/plugins/com.st.stm32cube.ide.mcu.externaltools.gnu-tools-for-stm32.7-2018-q2-update.win32_1.0.0.201904181610/tools/bin/../lib/gcc/arm-none-eabi/7.3.1/../../../../arm-none-eabi/lib/thumb/v7-m\libc_nano.a(lib_a-reent.o)
