MY_NRF24.c:50:6:NRF24_DelayMicroSeconds	24	static
MY_NRF24.c:58:6:NRF24_csn	16	static
MY_NRF24.c:64:6:NRF24_ce	16	static
MY_NRF24.c:70:9:NRF24_read_register	24	static
MY_NRF24.c:87:6:NRF24_read_registerN	24	static
MY_NRF24.c:102:6:NRF24_write_register	24	static
MY_NRF24.c:115:6:NRF24_write_registerN	24	static
MY_NRF24.c:128:6:NRF24_write_payload	24	static
MY_NRF24.c:141:6:NRF24_read_payload	24	static
MY_NRF24.c:155:6:NRF24_flush_tx	8	static
MY_NRF24.c:160:6:NRF24_flush_rx	8	static
MY_NRF24.c:165:9:NRF24_get_status	16	static
MY_NRF24.c:173:6:NRF24_begin	24	static
MY_NRF24.c:246:6:NRF24_startListening	16	static
MY_NRF24.c:263:6:NRF24_stopListening	8	static
MY_NRF24.c:270:6:NRF24_write	32	static
MY_NRF24.c:306:6:NRF24_available	8	static
MY_NRF24.c:311:6:NRF24_read	24	static
MY_NRF24.c:320:6:NRF24_openWritingPipe	24	static
MY_NRF24.c:329:6:NRF24_openReadingPipe	32	static
MY_NRF24.c:353:6:NRF24_setRetries	16	static
MY_NRF24.c:359:6:NRF24_setChannel	24	static
MY_NRF24.c:365:6:NRF24_setPayloadSize	24	static
MY_NRF24.c:371:9:NRF24_getPayloadSize	4	static
MY_NRF24.c:376:9:NRF24_getDynamicPayloadSize	8	static
MY_NRF24.c:381:6:NRF24_enableAckPayload	8	static
MY_NRF24.c:394:6:NRF24_enableDynamicPayloads	8	static
MY_NRF24.c:408:6:NRF24_disableDynamicPayloads	8	static
MY_NRF24.c:416:6:NRF24_isNRF_Plus	4	static
MY_NRF24.c:421:6:NRF24_setAutoAck	16	static
MY_NRF24.c:429:6:NRF24_setAutoAckPipe	24	static
MY_NRF24.c:446:6:NRF24_setPALevel	24	static
MY_NRF24.c:477:15:NRF24_getPALevel	16	static
MY_NRF24.c:503:6:NRF24_setDataRate	24	static
MY_NRF24.c:548:17:NRF24_getDataRate	16	static
MY_NRF24.c:573:6:NRF24_setCRCLength	24	static
MY_NRF24.c:594:18:NRF24_getCRCLength	16	static
MY_NRF24.c:610:6:NRF24_disableCRC	16	static
MY_NRF24.c:616:6:NRF24_powerUp	8	static
MY_NRF24.c:621:6:NRF24_powerDown	8	static
MY_NRF24.c:626:6:NRF24_availablePipe	24	static
MY_NRF24.c:650:6:NRF24_startWrite	16	static
MY_NRF24.c:665:6:NRF24_writeAckPayload	24	static
MY_NRF24.c:676:6:NRF24_isAckPayloadAvailable	16	static
MY_NRF24.c:683:6:NRF24_whatHappened	32	static
MY_NRF24.c:694:6:NRF24_testCarrier	8	static
MY_NRF24.c:699:6:NRF24_testRPD	8	static
MY_NRF24.c:705:6:NRF24_resetStatus	8	static
MY_NRF24.c:711:6:NRF24_ACTIVATE_cmd	16	static
MY_NRF24.c:722:9:NRF24_GetAckPayloadSize	4	static
MY_NRF24.c:727:6:printRadioSettings	152	static
MY_NRF24.c:854:6:printStatusReg	136	static
MY_NRF24.c:870:6:printConfigReg	120	static
MY_NRF24.c:894:6:printFIFOstatus	128	static
