Archive member included to satisfy reference by file (symbol)

c:/st/stm32cubeide_1.1.0/stm32cubeide/plugins/com.st.stm32cube.ide.mcu.externaltools.gnu-tools-for-stm32.7-2018-q2-update.win32_1.0.0.201904181610/tools/bin/../lib/gcc/arm-none-eabi/7.3.1/../../../../arm-none-eabi/lib/thumb/v7-m\libc_nano.a(lib_a-errno.o)
                              Core/Src/syscalls.o (__errno)
c:/st/stm32cubeide_1.1.0/stm32cubeide/plugins/com.st.stm32cube.ide.mcu.externaltools.gnu-tools-for-stm32.7-2018-q2-update.win32_1.0.0.201904181610/tools/bin/../lib/gcc/arm-none-eabi/7.3.1/../../../../arm-none-eabi/lib/thumb/v7-m\libc_nano.a(lib_a-exit.o)
                              c:/st/stm32cubeide_1.1.0/stm32cubeide/plugins/com.st.stm32cube.ide.mcu.externaltools.gnu-tools-for-stm32.7-2018-q2-update.win32_1.0.0.201904181610/tools/bin/../lib/gcc/arm-none-eabi/7.3.1/../../../../arm-none-eabi/lib/thumb/v7-m/crt0.o (exit)
c:/st/stm32cubeide_1.1.0/stm32cubeide/plugins/com.st.stm32cube.ide.mcu.externaltools.gnu-tools-for-stm32.7-2018-q2-update.win32_1.0.0.201904181610/tools/bin/../lib/gcc/arm-none-eabi/7.3.1/../../../../arm-none-eabi/lib/thumb/v7-m\libc_nano.a(lib_a-impure.o)
                              c:/st/stm32cubeide_1.1.0/stm32cubeide/plugins/com.st.stm32cube.ide.mcu.externaltools.gnu-tools-for-stm32.7-2018-q2-update.win32_1.0.0.201904181610/tools/bin/../lib/gcc/arm-none-eabi/7.3.1/../../../../arm-none-eabi/lib/thumb/v7-m\libc_nano.a(lib_a-exit.o) (_global_impure_ptr)
c:/st/stm32cubeide_1.1.0/stm32cubeide/plugins/com.st.stm32cube.ide.mcu.externaltools.gnu-tools-for-stm32.7-2018-q2-update.win32_1.0.0.201904181610/tools/bin/../lib/gcc/arm-none-eabi/7.3.1/../../../../arm-none-eabi/lib/thumb/v7-m\libc_nano.a(lib_a-init.o)
                              c:/st/stm32cubeide_1.1.0/stm32cubeide/plugins/com.st.stm32cube.ide.mcu.externaltools.gnu-tools-for-stm32.7-2018-q2-update.win32_1.0.0.201904181610/tools/bin/../lib/gcc/arm-none-eabi/7.3.1/../../../../arm-none-eabi/lib/thumb/v7-m/crt0.o (__libc_init_array)
c:/st/stm32cubeide_1.1.0/stm32cubeide/plugins/com.st.stm32cube.ide.mcu.externaltools.gnu-tools-for-stm32.7-2018-q2-update.win32_1.0.0.201904181610/tools/bin/../lib/gcc/arm-none-eabi/7.3.1/../../../../arm-none-eabi/lib/thumb/v7-m\libc_nano.a(lib_a-memset.o)
                              c:/st/stm32cubeide_1.1.0/stm32cubeide/plugins/com.st.stm32cube.ide.mcu.externaltools.gnu-tools-for-stm32.7-2018-q2-update.win32_1.0.0.201904181610/tools/bin/../lib/gcc/arm-none-eabi/7.3.1/../../../../arm-none-eabi/lib/thumb/v7-m/crt0.o (memset)
c:/st/stm32cubeide_1.1.0/stm32cubeide/plugins/com.st.stm32cube.ide.mcu.externaltools.gnu-tools-for-stm32.7-2018-q2-update.win32_1.0.0.201904181610/tools/bin/../lib/gcc/arm-none-eabi/7.3.1/thumb/v7-m\libgcc.a(_arm_addsubsf3.o)
                              Core/Src/stm32f1xx_it.o (__aeabi_i2f)

Allocating common symbols
Common symbol       size              file

POSICAO_ANTERIOR2   0x2               Core/Src/main.o
VELOCIDADE_ENCODER1
                    0x4               Core/Src/main.o
uwTick              0x4               Drivers/STM32F1xx_HAL_Driver/Src/stm32f1xx_hal.o
pFlash              0x20              Drivers/STM32F1xx_HAL_Driver/Src/stm32f1xx_hal_flash.o
POSICAO_ENCODER2_GRAUS
                    0x4               Core/Src/main.o
htim3               0x40              Core/Src/main.o
POSICAO_ANTERIOR1   0x2               Core/Src/main.o
POSICAO_ENCODER1_GRAUS
                    0x4               Core/Src/main.o
htim1               0x40              Core/Src/main.o
VELOCIDADE_ENCODER2
                    0x4               Core/Src/main.o
POSICAO_ENCODER1    0x2               Core/Src/main.o
htim2               0x40              Core/Src/main.o
POSICAO_ENCODER2    0x2               Core/Src/main.o
POSICAO_ATUAL1      0x2               Core/Src/main.o
POSICAO_ATUAL2      0x2               Core/Src/main.o

Discarded input sections

 .text          0x0000000000000000        0x0 c:/st/stm32cubeide_1.1.0/stm32cubeide/plugins/com.st.stm32cube.ide.mcu.externaltools.gnu-tools-for-stm32.7-2018-q2-update.win32_1.0.0.201904181610/tools/bin/../lib/gcc/arm-none-eabi/7.3.1/thumb/v7-m/crti.o
 .data          0x0000000000000000        0x0 c:/st/stm32cubeide_1.1.0/stm32cubeide/plugins/com.st.stm32cube.ide.mcu.externaltools.gnu-tools-for-stm32.7-2018-q2-update.win32_1.0.0.201904181610/tools/bin/../lib/gcc/arm-none-eabi/7.3.1/thumb/v7-m/crti.o
 .bss           0x0000000000000000        0x0 c:/st/stm32cubeide_1.1.0/stm32cubeide/plugins/com.st.stm32cube.ide.mcu.externaltools.gnu-tools-for-stm32.7-2018-q2-update.win32_1.0.0.201904181610/tools/bin/../lib/gcc/arm-none-eabi/7.3.1/thumb/v7-m/crti.o
 .data          0x0000000000000000        0x4 c:/st/stm32cubeide_1.1.0/stm32cubeide/plugins/com.st.stm32cube.ide.mcu.externaltools.gnu-tools-for-stm32.7-2018-q2-update.win32_1.0.0.201904181610/tools/bin/../lib/gcc/arm-none-eabi/7.3.1/thumb/v7-m/crtbegin.o
[...]
Memory Configuration

Name             Origin             Length             Attributes
RAM              0x0000000020000000 0x0000000000005000 xrw
FLASH            0x0000000008000000 0x0000000000010000 xr
*default*        0x0000000000000000 0xffffffffffffffff

Linker script and memory map

LOAD c:/st/stm32cubeide_1.1.0/stm32cubeide/plugins/com.st.stm32cube.ide.mcu.externaltools.gnu-tools-for-stm32.7-2018-q2-update.win32_1.0.0.201904181610/tools/bin/../lib/gcc/arm-none-eabi/7.3.1/thumb/v7-m/crti.o
LOAD c:/st/stm32cubeide_1.1.0/stm32cubeide/plugins/com.st.stm32cube.ide.mcu.externaltools.gnu-tools-for-stm32.7-2018-q2-update.win32_1.0.0.201904181610/tools/bin/../lib/gcc/arm-none-eabi/7.3.1/thumb/v7-m/crtbegin.o
LOAD c:/st/stm32cubeide_1.1.0/stm32cubeide/plugins/com.st.stm32cube.ide.mcu.externaltools.gnu-tools-for-stm32.7-2018-q2-update.win32_1.0.0.201904181610/tools/bin/../lib/gcc/arm-none-eabi/7.3.1/../../../../arm-none-eabi/lib/thumb/v7-m/crt0.o
LOAD Core/Src/main.o
LOAD Core/Src/stm32f1xx_hal_msp.o
LOAD Core/Src/stm32f1xx_it.o
LOAD Core/Src/syscalls.o
LOAD Core/Src/sysmem.o
LOAD Core/Src/system_stm32f1xx.o
LOAD Core/Startup/startup_stm32f103c8tx.o
LOAD Drivers/STM32F1xx_HAL_Driver/Src/stm32f1xx_hal.o
LOAD Drivers/STM32F1xx_HAL_Driver/Src/stm32f1xx_hal_cortex.o
LOAD Drivers/STM32F1xx_HAL_Driver/Src/stm32f1xx_hal_dma.o
LOAD Drivers/STM32F1xx_HAL_Driver/Src/stm32f1xx_hal_exti.o
LOAD Drivers/STM32F1xx_HAL_Driver/Src/stm32f1xx_hal_flash.o
LOAD Drivers/STM32F1xx_HAL_Driver/Src/stm32f1xx_hal_flash_ex.o
LOAD Drivers/STM32F1xx_HAL_Driver/Src/stm32f1xx_hal_gpio.o
LOAD Drivers/STM32F1xx_HAL_Driver/Src/stm32f1xx_hal_gpio_ex.o
LOAD Drivers/STM32F1xx_HAL_Driver/Src/stm32f1xx_hal_pwr.o
LOAD Drivers/STM32F1xx_HAL_Driver/Src/stm32f1xx_hal_rcc.o
LOAD Drivers/STM32F1xx_HAL_Driver/Src/stm32f1xx_hal_rcc_ex.o
LOAD Drivers/STM32F1xx_HAL_Driver/Src/stm32f1xx_hal_tim.o
LOAD Drivers/STM32F1xx_HAL_Driver/Src/stm32f1xx_hal_tim_ex.o
START GROUP
LOAD c:/st/stm32cubeide_1.1.0/stm32cubeide/plugins/com.st.stm32cube.ide.mcu.externaltools.gnu-tools-for-stm32.7-2018-q2-update.win32_1.0.0.201904181610/tools/bin/../lib/gcc/arm-none-eabi/7.3.1/../../../../arm-none-eabi/lib/thumb/v7-m\libc_nano.a
LOAD c:/st/stm32cubeide_1.1.0/stm32cubeide/plugins/com.st.stm32cube.ide.mcu.externaltools.gnu-tools-for-stm32.7-2018-q2-update.win32_1.0.0.201904181610/tools/bin/../lib/gcc/arm-none-eabi/7.3.1/../../../../arm-none-eabi/lib/thumb/v7-m\libm.a
END GROUP
START GROUP
LOAD c:/st/stm32cubeide_1.1.0/stm32cubeide/plugins/com.st.stm32cube.ide.mcu.externaltools.gnu-tools-for-stm32.7-2018-q2-update.win32_1.0.0.201904181610/tools/bin/../lib/gcc/arm-none-eabi/7.3.1/thumb/v7-m\libgcc.a
LOAD c:/st/stm32cubeide_1.1.0/stm32cubeide/plugins/com.st.stm32cube.ide.mcu.externaltools.gnu-tools-for-stm32.7-2018-q2-update.win32_1.0.0.201904181610/tools/bin/../lib/gcc/arm-none-eabi/7.3.1/../../../../arm-none-eabi/lib/thumb/v7-m\libc_nano.a
END GROUP
START GROUP
LOAD c:/st/stm32cubeide_1.1.0/stm32cubeide/plugins/com.st.stm32cube.ide.mcu.externaltools.gnu-tools-for-stm32.7-2018-q2-update.win32_1.0.0.201904181610/tools/bin/../lib/gcc/arm-none-eabi/7.3.1/thumb/v7-m\libgcc.a
LOAD c:/st/stm32cubeide_1.1.0/stm32cubeide/plugins/com.st.stm32cube.ide.mcu.externaltools.gnu-tools-for-stm32.7-2018-q2-update.win32_1.0.0.201904181610/tools/bin/../lib/gcc/arm-none-eabi/7.3.1/../../../../arm-none-eabi/lib/thumb/v7-m\libc_nano.a
LOAD c:/st/stm32cubeide_1.1.0/stm32cubeide/plugins/com.st.stm32cube.ide.mcu.externaltools.gnu-tools-for-stm32.7-2018-q2-update.win32_1.0.0.201904181610/tools/bin/../lib/gcc/arm-none-eabi/7.3.1/../../../../arm-none-eabi/lib/thumb/v7-m\libnosys.a
END GROUP
START GROUP
LOAD c:/st/stm32cubeide_1.1.0/stm32cubeide/plugins/com.st.stm32cube.ide.mcu.externaltools.gnu-tools-for-stm32.7-2018-q2-update.win32_1.0.0.201904181610/tools/bin/../lib/gcc/arm-none-eabi/7.3.1/thumb/v7-m\libgcc.a
LOAD c:/st/stm32cubeide_1.1.0/stm32cubeide/plugins/com.st.stm32cube.ide.mcu.externaltools.gnu-tools-for-stm32.7-2018-q2-update.win32_1.0.0.201904181610/tools/bin/../lib/gcc/arm-none-eabi/7.3.1/../../../../arm-none-eabi/lib/thumb/v7-m\libc_nano.a
LOAD c:/st/stm32cubeide_1.1.0/stm32cubeide/plugins/com.st.stm32cube.ide.mcu.externaltools.gnu-tools-for-stm32.7-2018-q2-update.win32_1.0.0.201904181610/tools/bin/../lib/gcc/arm-none-eabi/7.3.1/../../../../arm-none-eabi/lib/thumb/v7-m\libnosys.a
END GROUP
LOAD c:/st/stm32cubeide_1.1.0/stm32cubeide/plugins/com.st.stm32cube.ide.mcu.externaltools.gnu-tools-for-stm32.7-2018-q2-update.win32_1.0.0.201904181610/tools/bin/../lib/gcc/arm-none-eabi/7.3.1/thumb/v7-m/crtend.o
LOAD c:/st/stm32cubeide_1.1.0/stm32cubeide/plugins/com.st.stm32cube.ide.mcu.externaltools.gnu-tools-for-stm32.7-2018-q2-update.win32_1.0.0.201904181610/tools/bin/../lib/gcc/arm-none-eabi/7.3.1/thumb/v7-m/crtn.o
                0x0000000020005000                _estack = (ORIGIN (RAM) + LENGTH (RAM))
                0x0000000000000200                _Min_Heap_Size = 0x200
                0x0000000000000400                _Min_Stack_Size = 0x400

.isr_vector     0x0000000008000000      0x10c
                0x0000000008000000                . = ALIGN (0x4)
 *(.isr_vector)
 .isr_vector    0x0000000008000000      0x10c Core/Startup/startup_stm32f103c8tx.o
                0x0000000008000000                g_pfnVectors
                0x000000000800010c                . = ALIGN (0x4)

.text           0x000000000800010c     0x1ec8
                0x000000000800010c                . = ALIGN (0x4)
 *(.text)
 .text          0x000000000800010c       0x40 c:/st/stm32cubeide_1.1.0/stm32cubeide/plugins/com.st.stm32cube.ide.mcu.externaltools.gnu-tools-for-stm32.7-2018-q2-update.win32_1.0.0.201904181610/tools/bin/../lib/gcc/arm-none-eabi/7.3.1/thumb/v7-m/crtbegin.o
 .text          0x000000000800014c      0x21c c:/st/stm32cubeide_1.1.0/stm32cubeide/plugins/com.st.stm32cube.ide.mcu.externaltools.gnu-tools-for-stm32.7-2018-q2-update.win32_1.0.0.201904181610/tools/bin/../lib/gcc/arm-none-eabi/7.3.1/thumb/v7-m\libgcc.a(_arm_addsubsf3.o)
                0x000000000800014c                __aeabi_frsub
                0x0000000008000154                __subsf3
                0x0000000008000154                __aeabi_fsub
                0x0000000008000158                __aeabi_fadd
                0x0000000008000158                __addsf3
                0x00000000080002b8                __aeabi_ui2f
                0x00000000080002b8                __floatunsisf
                0x00000000080002c0                __aeabi_i2f
                0x00000000080002c0                __floatsisf
                0x00000000080002dc                __aeabi_ul2f
                0x00000000080002dc                __floatundisf
                0x00000000080002ec                __aeabi_l2f
                0x00000000080002ec                __floatdisf
 *(.text*)
 .text.main     0x0000000008000368       0x58 Core/Src/main.o
                0x0000000008000368                main
 .text.SystemClock_Config
                0x00000000080003c0       0x8a Core/Src/main.o
                0x00000000080003c0                SystemClock_Config
 *fill*         0x000000000800044a        0x2 
 .text.MX_TIM1_Init
                0x000000000800044c       0xb8 Core/Src/main.o
 .text.MX_TIM2_Init
                0x0000000008000504       0xb0 Core/Src/main.o
 .text.MX_TIM3_Init
                0x00000000080005b4       0x9c Core/Src/main.o
 .text.MX_GPIO_Init
                0x0000000008000650       0x44 Core/Src/main.o
 .text.Error_Handler
                0x0000000008000694        0xc Core/Src/main.o
                0x0000000008000694                Error_Handler
 .text.HAL_MspInit
                0x00000000080006a0       0x64 Core/Src/stm32f1xx_hal_msp.o
                0x00000000080006a0                HAL_MspInit
 .text.HAL_TIM_Encoder_MspInit
                0x0000000008000704       0xf4 Core/Src/stm32f1xx_hal_msp.o
                0x0000000008000704                HAL_TIM_Encoder_MspInit
 .text.HAL_TIM_Base_MspInit
                0x00000000080007f8       0x4c Core/Src/stm32f1xx_hal_msp.o
                0x00000000080007f8                HAL_TIM_Base_MspInit
 .text.NMI_Handler
                0x0000000008000844        0xc Core/Src/stm32f1xx_it.o
                0x0000000008000844                NMI_Handler
 .text.HardFault_Handler
                0x0000000008000850        0x6 Core/Src/stm32f1xx_it.o
                0x0000000008000850                HardFault_Handler
 .text.MemManage_Handler
                0x0000000008000856        0x6 Core/Src/stm32f1xx_it.o
                0x0000000008000856                MemManage_Handler
 .text.BusFault_Handler
                0x000000000800085c        0x6 Core/Src/stm32f1xx_it.o
                0x000000000800085c                BusFault_Handler
 .text.UsageFault_Handler
                0x0000000008000862        0x6 Core/Src/stm32f1xx_it.o
                0x0000000008000862                UsageFault_Handler
 .text.SVC_Handler
                0x0000000008000868        0xc Core/Src/stm32f1xx_it.o
                0x0000000008000868                SVC_Handler
 .text.DebugMon_Handler
                0x0000000008000874        0xc Core/Src/stm32f1xx_it.o
                0x0000000008000874                DebugMon_Handler
 .text.PendSV_Handler
                0x0000000008000880        0xc Core/Src/stm32f1xx_it.o
                0x0000000008000880                PendSV_Handler
 .text.SysTick_Handler
                0x000000000800088c        0xc Core/Src/stm32f1xx_it.o
                0x000000000800088c                SysTick_Handler
 .text.TIM1_UP_IRQHandler
                0x0000000008000898       0x14 Core/Src/stm32f1xx_it.o
                0x0000000008000898                TIM1_UP_IRQHandler
 .text.TIM2_IRQHandler
                0x00000000080008ac       0x14 Core/Src/stm32f1xx_it.o
                0x00000000080008ac                TIM2_IRQHandler
 .text.TIM3_IRQHandler
                0x00000000080008c0       0xa0 Core/Src/stm32f1xx_it.o
                0x00000000080008c0                TIM3_IRQHandler
 .text.SystemInit
                0x0000000008000960       0x68 Core/Src/system_stm32f1xx.o
                0x0000000008000960                SystemInit
 .text.Reset_Handler
                0x00000000080009c8       0x48 Core/Startup/startup_stm32f103c8tx.o
                0x00000000080009c8                Reset_Handler
 .text.Default_Handler
                0x0000000008000a10        0x2 Core/Startup/startup_stm32f103c8tx.o
                0x0000000008000a10                RTC_Alarm_IRQHandler
                0x0000000008000a10                EXTI2_IRQHandler
                0x0000000008000a10                TIM1_CC_IRQHandler
                0x0000000008000a10                PVD_IRQHandler
                0x0000000008000a10                EXTI3_IRQHandler
                0x0000000008000a10                EXTI0_IRQHandler
                0x0000000008000a10                I2C2_EV_IRQHandler
                0x0000000008000a10                ADC1_2_IRQHandler
                0x0000000008000a10                SPI1_IRQHandler
                0x0000000008000a10                TAMPER_IRQHandler
                0x0000000008000a10                DMA1_Channel4_IRQHandler
                0x0000000008000a10                USART3_IRQHandler
                0x0000000008000a10                RTC_IRQHandler
                0x0000000008000a10                DMA1_Channel7_IRQHandler
                0x0000000008000a10                CAN1_RX1_IRQHandler
                0x0000000008000a10                TIM4_IRQHandler
                0x0000000008000a10                I2C1_EV_IRQHandler
                0x0000000008000a10                DMA1_Channel6_IRQHandler
                0x0000000008000a10                RCC_IRQHandler
                0x0000000008000a10                TIM1_TRG_COM_IRQHandler
                0x0000000008000a10                DMA1_Channel1_IRQHandler
                0x0000000008000a10                Default_Handler
                0x0000000008000a10                EXTI15_10_IRQHandler
                0x0000000008000a10                EXTI9_5_IRQHandler
                0x0000000008000a10                SPI2_IRQHandler
                0x0000000008000a10                DMA1_Channel5_IRQHandler
                0x0000000008000a10                EXTI4_IRQHandler
                0x0000000008000a10                USB_LP_CAN1_RX0_IRQHandler
                0x0000000008000a10                USB_HP_CAN1_TX_IRQHandler
                0x0000000008000a10                DMA1_Channel3_IRQHandler
                0x0000000008000a10                WWDG_IRQHandler
                0x0000000008000a10                TIM1_BRK_IRQHandler
                0x0000000008000a10                EXTI1_IRQHandler
                0x0000000008000a10                USART2_IRQHandler
                0x0000000008000a10                I2C2_ER_IRQHandler
                0x0000000008000a10                DMA1_Channel2_IRQHandler
                0x0000000008000a10                CAN1_SCE_IRQHandler
                0x0000000008000a10                FLASH_IRQHandler
                0x0000000008000a10                USART1_IRQHandler
                0x0000000008000a10                I2C1_ER_IRQHandler
                0x0000000008000a10                USBWakeUp_IRQHandler
 *fill*         0x0000000008000a12        0x2 
 .text.HAL_Init
                0x0000000008000a14       0x2c Drivers/STM32F1xx_HAL_Driver/Src/stm32f1xx_hal.o
                0x0000000008000a14                HAL_Init
 .text.HAL_InitTick
                0x0000000008000a40       0x60 Drivers/STM32F1xx_HAL_Driver/Src/stm32f1xx_hal.o
                0x0000000008000a40                HAL_InitTick
 .text.HAL_IncTick
                0x0000000008000aa0       0x24 Drivers/STM32F1xx_HAL_Driver/Src/stm32f1xx_hal.o
                0x0000000008000aa0                HAL_IncTick
 .text.HAL_GetTick
                0x0000000008000ac4       0x14 Drivers/STM32F1xx_HAL_Driver/Src/stm32f1xx_hal.o
                0x0000000008000ac4                HAL_GetTick
 .text.__NVIC_SetPriorityGrouping
                0x0000000008000ad8       0x48 Drivers/STM32F1xx_HAL_Driver/Src/stm32f1xx_hal_cortex.o
 .text.__NVIC_GetPriorityGrouping
                0x0000000008000b20       0x1c Drivers/STM32F1xx_HAL_Driver/Src/stm32f1xx_hal_cortex.o
 .text.__NVIC_EnableIRQ
                0x0000000008000b3c       0x38 Drivers/STM32F1xx_HAL_Driver/Src/stm32f1xx_hal_cortex.o
 .text.__NVIC_SetPriority
                0x0000000008000b74       0x54 Drivers/STM32F1xx_HAL_Driver/Src/stm32f1xx_hal_cortex.o
 .text.NVIC_EncodePriority
                0x0000000008000bc8       0x64 Drivers/STM32F1xx_HAL_Driver/Src/stm32f1xx_hal_cortex.o
 .text.SysTick_Config
                0x0000000008000c2c       0x44 Drivers/STM32F1xx_HAL_Driver/Src/stm32f1xx_hal_cortex.o
 .text.HAL_NVIC_SetPriorityGrouping
                0x0000000008000c70       0x16 Drivers/STM32F1xx_HAL_Driver/Src/stm32f1xx_hal_cortex.o
                0x0000000008000c70                HAL_NVIC_SetPriorityGrouping
 .text.HAL_NVIC_SetPriority
                0x0000000008000c86       0x38 Drivers/STM32F1xx_HAL_Driver/Src/stm32f1xx_hal_cortex.o
                0x0000000008000c86                HAL_NVIC_SetPriority
 .text.HAL_NVIC_EnableIRQ
                0x0000000008000cbe       0x1c Drivers/STM32F1xx_HAL_Driver/Src/stm32f1xx_hal_cortex.o
                0x0000000008000cbe                HAL_NVIC_EnableIRQ
 .text.HAL_SYSTICK_Config
                0x0000000008000cda       0x18 Drivers/STM32F1xx_HAL_Driver/Src/stm32f1xx_hal_cortex.o
                0x0000000008000cda                HAL_SYSTICK_Config
 *fill*         0x0000000008000cf2        0x2 
 .text.HAL_GPIO_Init
                0x0000000008000cf4      0x2b4 Drivers/STM32F1xx_HAL_Driver/Src/stm32f1xx_hal_gpio.o
                0x0000000008000cf4                HAL_GPIO_Init
 .text.HAL_RCC_OscConfig
                0x0000000008000fa8      0x500 Drivers/STM32F1xx_HAL_Driver/Src/stm32f1xx_hal_rcc.o
                0x0000000008000fa8                HAL_RCC_OscConfig
 .text.HAL_RCC_ClockConfig
                0x00000000080014a8      0x1d4 Drivers/STM32F1xx_HAL_Driver/Src/stm32f1xx_hal_rcc.o
                0x00000000080014a8                HAL_RCC_ClockConfig
 .text.HAL_RCC_GetSysClockFreq
                0x000000000800167c       0xc4 Drivers/STM32F1xx_HAL_Driver/Src/stm32f1xx_hal_rcc.o
                0x000000000800167c                HAL_RCC_GetSysClockFreq
 .text.RCC_Delay
                0x0000000008001740       0x3c Drivers/STM32F1xx_HAL_Driver/Src/stm32f1xx_hal_rcc.o
 .text.HAL_TIM_Base_Init
                0x000000000800177c       0x56 Drivers/STM32F1xx_HAL_Driver/Src/stm32f1xx_hal_tim.o
                0x000000000800177c                HAL_TIM_Base_Init
 .text.HAL_TIM_Encoder_Init
                0x00000000080017d2      0x11c Drivers/STM32F1xx_HAL_Driver/Src/stm32f1xx_hal_tim.o
                0x00000000080017d2                HAL_TIM_Encoder_Init
 .text.HAL_TIM_IRQHandler
                0x00000000080018ee      0x210 Drivers/STM32F1xx_HAL_Driver/Src/stm32f1xx_hal_tim.o
                0x00000000080018ee                HAL_TIM_IRQHandler
 .text.HAL_TIM_ConfigClockSource
                0x0000000008001afe      0x16e Drivers/STM32F1xx_HAL_Driver/Src/stm32f1xx_hal_tim.o
                0x0000000008001afe                HAL_TIM_ConfigClockSource
 .text.HAL_TIM_PeriodElapsedCallback
                0x0000000008001c6c       0x12 Drivers/STM32F1xx_HAL_Driver/Src/stm32f1xx_hal_tim.o
                0x0000000008001c6c                HAL_TIM_PeriodElapsedCallback
 .text.HAL_TIM_OC_DelayElapsedCallback
                0x0000000008001c7e       0x12 Drivers/STM32F1xx_HAL_Driver/Src/stm32f1xx_hal_tim.o
                0x0000000008001c7e                HAL_TIM_OC_DelayElapsedCallback
 .text.HAL_TIM_IC_CaptureCallback
                0x0000000008001c90       0x12 Drivers/STM32F1xx_HAL_Driver/Src/stm32f1xx_hal_tim.o
                0x0000000008001c90                HAL_TIM_IC_CaptureCallback
 .text.HAL_TIM_PWM_PulseFinishedCallback
                0x0000000008001ca2       0x12 Drivers/STM32F1xx_HAL_Driver/Src/stm32f1xx_hal_tim.o
                0x0000000008001ca2                HAL_TIM_PWM_PulseFinishedCallback
 .text.HAL_TIM_TriggerCallback
                0x0000000008001cb4       0x12 Drivers/STM32F1xx_HAL_Driver/Src/stm32f1xx_hal_tim.o
                0x0000000008001cb4                HAL_TIM_TriggerCallback
 *fill*         0x0000000008001cc6        0x2 
 .text.TIM_Base_SetConfig
                0x0000000008001cc8       0xc4 Drivers/STM32F1xx_HAL_Driver/Src/stm32f1xx_hal_tim.o
                0x0000000008001cc8                TIM_Base_SetConfig
 .text.TIM_TI1_ConfigInputStage
                0x0000000008001d8c       0x5c Drivers/STM32F1xx_HAL_Driver/Src/stm32f1xx_hal_tim.o
 .text.TIM_TI2_ConfigInputStage
                0x0000000008001de8       0x5e Drivers/STM32F1xx_HAL_Driver/Src/stm32f1xx_hal_tim.o
 .text.TIM_ITRx_SetConfig
                0x0000000008001e46       0x34 Drivers/STM32F1xx_HAL_Driver/Src/stm32f1xx_hal_tim.o
 .text.TIM_ETR_SetConfig
                0x0000000008001e7a       0x3e Drivers/STM32F1xx_HAL_Driver/Src/stm32f1xx_hal_tim.o
                0x0000000008001e7a                TIM_ETR_SetConfig
 .text.HAL_TIMEx_MasterConfigSynchronization
                0x0000000008001eb8       0x88 Drivers/STM32F1xx_HAL_Driver/Src/stm32f1xx_hal_tim_ex.o
                0x0000000008001eb8                HAL_TIMEx_MasterConfigSynchronization
 .text.HAL_TIMEx_CommutCallback
                0x0000000008001f40       0x12 Drivers/STM32F1xx_HAL_Driver/Src/stm32f1xx_hal_tim_ex.o
                0x0000000008001f40                HAL_TIMEx_CommutCallback
 .text.HAL_TIMEx_BreakCallback
                0x0000000008001f52       0x12 Drivers/STM32F1xx_HAL_Driver/Src/stm32f1xx_hal_tim_ex.o
                0x0000000008001f52                HAL_TIMEx_BreakCallback
 .text.__libc_init_array
                0x0000000008001f64       0x48 c:/st/stm32cubeide_1.1.0/stm32cubeide/plugins/com.st.stm32cube.ide.mcu.externaltools.gnu-tools-for-stm32.7-2018-q2-update.win32_1.0.0.201904181610/tools/bin/../lib/gcc/arm-none-eabi/7.3.1/../../../../arm-none-eabi/lib/thumb/v7-m\libc_nano.a(lib_a-init.o)
                0x0000000008001f64                __libc_init_array
 .text.memset   0x0000000008001fac       0x10 c:/st/stm32cubeide_1.1.0/stm32cubeide/plugins/com.st.stm32cube.ide.mcu.externaltools.gnu-tools-for-stm32.7-2018-q2-update.win32_1.0.0.201904181610/tools/bin/../lib/gcc/arm-none-eabi/7.3.1/../../../../arm-none-eabi/lib/thumb/v7-m\libc_nano.a(lib_a-memset.o)
                0x0000000008001fac                memset
 *(.glue_7)
 .glue_7        0x0000000008001fbc        0x0 linker stubs
 *(.glue_7t)
 .glue_7t       0x0000000008001fbc        0x0 linker stubs
 *(.eh_frame)
 .eh_frame      0x0000000008001fbc        0x0 c:/st/stm32cubeide_1.1.0/stm32cubeide/plugins/com.st.stm32cube.ide.mcu.externaltools.gnu-tools-for-stm32.7-2018-q2-update.win32_1.0.0.201904181610/tools/bin/../lib/gcc/arm-none-eabi/7.3.1/thumb/v7-m/crtbegin.o
 *(.init)
 .init          0x0000000008001fbc        0x4 c:/st/stm32cubeide_1.1.0/stm32cubeide/plugins/com.st.stm32cube.ide.mcu.externaltools.gnu-tools-for-stm32.7-2018-q2-update.win32_1.0.0.201904181610/tools/bin/../lib/gcc/arm-none-eabi/7.3.1/thumb/v7-m/crti.o
                0x0000000008001fbc                _init
 .init          0x0000000008001fc0        0x8 c:/st/stm32cubeide_1.1.0/stm32cubeide/plugins/com.st.stm32cube.ide.mcu.externaltools.gnu-tools-for-stm32.7-2018-q2-update.win32_1.0.0.201904181610/tools/bin/../lib/gcc/arm-none-eabi/7.3.1/thumb/v7-m/crtn.o
 *(.fini)
 .fini          0x0000000008001fc8        0x4 c:/st/stm32cubeide_1.1.0/stm32cubeide/plugins/com.st.stm32cube.ide.mcu.externaltools.gnu-tools-for-stm32.7-2018-q2-update.win32_1.0.0.201904181610/tools/bin/../lib/gcc/arm-none-eabi/7.3.1/thumb/v7-m/crti.o
                0x0000000008001fc8                _fini
 .fini          0x0000000008001fcc        0x8 c:/st/stm32cubeide_1.1.0/stm32cubeide/plugins/com.st.stm32cube.ide.mcu.externaltools.gnu-tools-for-stm32.7-2018-q2-update.win32_1.0.0.201904181610/tools/bin/../lib/gcc/arm-none-eabi/7.3.1/thumb/v7-m/crtn.o
                0x0000000008001fd4                . = ALIGN (0x4)
                0x0000000008001fd4                _etext = .

.vfp11_veneer   0x0000000008001fd4        0x0
 .vfp11_veneer  0x0000000008001fd4        0x0 linker stubs

.v4_bx          0x0000000008001fd4        0x0
 .v4_bx         0x0000000008001fd4        0x0 linker stubs

.iplt           0x0000000008001fd4        0x0
 .iplt          0x0000000008001fd4        0x0 c:/st/stm32cubeide_1.1.0/stm32cubeide/plugins/com.st.stm32cube.ide.mcu.externaltools.gnu-tools-for-stm32.7-2018-q2-update.win32_1.0.0.201904181610/tools/bin/../lib/gcc/arm-none-eabi/7.3.1/thumb/v7-m/crtbegin.o

.rodata         0x0000000008001fd4       0x24
                0x0000000008001fd4                . = ALIGN (0x4)
 *(.rodata)
 .rodata        0x0000000008001fd4       0x12 Drivers/STM32F1xx_HAL_Driver/Src/stm32f1xx_hal_rcc.o
 *(.rodata*)
 *fill*         0x0000000008001fe6        0x2 
 .rodata.AHBPrescTable
                0x0000000008001fe8       0x10 Core/Src/system_stm32f1xx.o
                0x0000000008001fe8                AHBPrescTable
                0x0000000008001ff8                . = ALIGN (0x4)

.rel.dyn        0x0000000008001ff8        0x0
 .rel.iplt      0x0000000008001ff8        0x0 c:/st/stm32cubeide_1.1.0/stm32cubeide/plugins/com.st.stm32cube.ide.mcu.externaltools.gnu-tools-for-stm32.7-2018-q2-update.win32_1.0.0.201904181610/tools/bin/../lib/gcc/arm-none-eabi/7.3.1/thumb/v7-m/crtbegin.o

.ARM.extab      0x0000000008001ff8        0x0
                0x0000000008001ff8                . = ALIGN (0x4)
 *(.ARM.extab* .gnu.linkonce.armextab.*)
                0x0000000008001ff8                . = ALIGN (0x4)

.ARM            0x0000000008001ff8        0x0
                0x0000000008001ff8                . = ALIGN (0x4)
                0x0000000008001ff8                __exidx_start = .
 *(.ARM.exidx*)
                0x0000000008001ff8                __exidx_end = .
                0x0000000008001ff8                . = ALIGN (0x4)

.preinit_array  0x0000000008001ff8        0x0
                0x0000000008001ff8                . = ALIGN (0x4)
                0x0000000008001ff8                PROVIDE (__preinit_array_start = .)
 *(.preinit_array*)
                0x0000000008001ff8                PROVIDE (__preinit_array_end = .)
                0x0000000008001ff8                . = ALIGN (0x4)

.init_array     0x0000000008001ff8        0x4
                0x0000000008001ff8                . = ALIGN (0x4)
                0x0000000008001ff8                PROVIDE (__init_array_start = .)
 *(SORT_BY_NAME(.init_array.*))
 *(.init_array*)
 .init_array    0x0000000008001ff8        0x4 c:/st/stm32cubeide_1.1.0/stm32cubeide/plugins/com.st.stm32cube.ide.mcu.externaltools.gnu-tools-for-stm32.7-2018-q2-update.win32_1.0.0.201904181610/tools/bin/../lib/gcc/arm-none-eabi/7.3.1/thumb/v7-m/crtbegin.o
                0x0000000008001ffc                PROVIDE (__init_array_end = .)
                0x0000000008001ffc                . = ALIGN (0x4)

.fini_array     0x0000000008001ffc        0x4
                0x0000000008001ffc                . = ALIGN (0x4)
                [!provide]                        PROVIDE (__fini_array_start = .)
 *(SORT_BY_NAME(.fini_array.*))
 *(.fini_array*)
 .fini_array    0x0000000008001ffc        0x4 c:/st/stm32cubeide_1.1.0/stm32cubeide/plugins/com.st.stm32cube.ide.mcu.externaltools.gnu-tools-for-stm32.7-2018-q2-update.win32_1.0.0.201904181610/tools/bin/../lib/gcc/arm-none-eabi/7.3.1/thumb/v7-m/crtbegin.o
                [!provide]                        PROVIDE (__fini_array_end = .)
                0x0000000008002000                . = ALIGN (0x4)
                0x0000000008002000                _sidata = LOADADDR (.data)

.data           0x0000000020000000        0xc load address 0x0000000008002000
                0x0000000020000000                . = ALIGN (0x4)
                0x0000000020000000                _sdata = .
 *(.data)
 *(.data*)
 .data.SystemCoreClock
                0x0000000020000000        0x4 Core/Src/system_stm32f1xx.o
                0x0000000020000000                SystemCoreClock
 .data.uwTickPrio
                0x0000000020000004        0x4 Drivers/STM32F1xx_HAL_Driver/Src/stm32f1xx_hal.o
                0x0000000020000004                uwTickPrio
 .data.uwTickFreq
                0x0000000020000008        0x1 Drivers/STM32F1xx_HAL_Driver/Src/stm32f1xx_hal.o
                0x0000000020000008                uwTickFreq
                0x000000002000000c                . = ALIGN (0x4)
 *fill*         0x0000000020000009        0x3 
                0x000000002000000c                _edata = .

.igot.plt       0x000000002000000c        0x0 load address 0x000000000800200c
 .igot.plt      0x000000002000000c        0x0 c:/st/stm32cubeide_1.1.0/stm32cubeide/plugins/com.st.stm32cube.ide.mcu.externaltools.gnu-tools-for-stm32.7-2018-q2-update.win32_1.0.0.201904181610/tools/bin/../lib/gcc/arm-none-eabi/7.3.1/thumb/v7-m/crtbegin.o
                0x000000002000000c                . = ALIGN (0x4)

.bss            0x000000002000000c      0x104 load address 0x000000000800200c
                0x000000002000000c                _sbss = .
                0x000000002000000c                __bss_start__ = _sbss
 *(.bss)
 .bss           0x000000002000000c       0x1c c:/st/stm32cubeide_1.1.0/stm32cubeide/plugins/com.st.stm32cube.ide.mcu.externaltools.gnu-tools-for-stm32.7-2018-q2-update.win32_1.0.0.201904181610/tools/bin/../lib/gcc/arm-none-eabi/7.3.1/thumb/v7-m/crtbegin.o
 *(.bss*)
 *(COMMON)
 COMMON         0x0000000020000028       0xe2 Core/Src/main.o
                0x0000000020000028                POSICAO_ANTERIOR2
                0x000000002000002c                VELOCIDADE_ENCODER1
                0x0000000020000030                POSICAO_ENCODER2_GRAUS
                0x0000000020000034                htim3
                0x0000000020000074                POSICAO_ANTERIOR1
                0x0000000020000078                POSICAO_ENCODER1_GRAUS
                0x000000002000007c                htim1
                0x00000000200000bc                VELOCIDADE_ENCODER2
                0x00000000200000c0                POSICAO_ENCODER1
                0x00000000200000c4                htim2
                0x0000000020000104                POSICAO_ENCODER2
                0x0000000020000106                POSICAO_ATUAL1
                0x0000000020000108                POSICAO_ATUAL2
 *fill*         0x000000002000010a        0x2 
 COMMON         0x000000002000010c        0x4 Drivers/STM32F1xx_HAL_Driver/Src/stm32f1xx_hal.o
                0x000000002000010c                uwTick
                0x0000000020000110                . = ALIGN (0x4)
                0x0000000020000110                _ebss = .
                0x0000000020000110                __bss_end__ = _ebss

._user_heap_stack
                0x0000000020000110      0x600 load address 0x000000000800200c
                0x0000000020000110                . = ALIGN (0x8)
                0x0000000020000110                PROVIDE (end = .)
                [!provide]                        PROVIDE (_end = .)
                0x0000000020000310                . = (. + _Min_Heap_Size)
 *fill*         0x0000000020000110      0x200 
                0x0000000020000710                . = (. + _Min_Stack_Size)
 *fill*         0x0000000020000310      0x400 
                0x0000000020000710                . = ALIGN (0x8)

/DISCARD/
 libc.a(*)
 libm.a(*)
 libgcc.a(*)

.ARM.attributes
                0x0000000000000000       0x29
 *(.ARM.attributes)
 .ARM.attributes
                0x0000000000000000       0x1d c:/st/stm32cubeide_1.1.0/stm32cubeide/plugins/com.st.stm32cube.ide.mcu.externaltools.gnu-tools-for-stm32.7-2018-q2-update.win32_1.0.0.201904181610/tools/bin/../lib/gcc/arm-none-eabi/7.3.1/thumb/v7-m/crti.o
 .ARM.attributes
                0x000000000000001d       0x2d c:/st/stm32cubeide_1.1.0/stm32cubeide/plugins/com.st.stm32cube.ide.mcu.externaltools.gnu-tools-for-stm32.7-2018-q2-update.win32_1.0.0.201904181610/tools/bin/../lib/gcc/arm-none-eabi/7.3.1/thumb/v7-m/crtbegin.o
 .ARM.attributes
                0x000000000000004a       0x33 Core/Src/main.o
 .ARM.attributes
                0x000000000000007d       0x33 Core/Src/stm32f1xx_hal_msp.o
 .ARM.attributes
                0x00000000000000b0       0x33 Core/Src/stm32f1xx_it.o
 .ARM.attributes
                0x00000000000000e3       0x33 Core/Src/system_stm32f1xx.o
 .ARM.attributes
                0x0000000000000116       0x21 Core/Startup/startup_stm32f103c8tx.o
 .ARM.attributes
                0x0000000000000137       0x33 Drivers/STM32F1xx_HAL_Driver/Src/stm32f1xx_hal.o
 .ARM.attributes
                0x000000000000016a       0x33 Drivers/STM32F1xx_HAL_Driver/Src/stm32f1xx_hal_cortex.o
 .ARM.attributes
                0x000000000000019d       0x33 Drivers/STM32F1xx_HAL_Driver/Src/stm32f1xx_hal_gpio.o
 .ARM.attributes
                0x00000000000001d0       0x33 Drivers/STM32F1xx_HAL_Driver/Src/stm32f1xx_hal_rcc.o
 .ARM.attributes
                0x0000000000000203       0x33 Drivers/STM32F1xx_HAL_Driver/Src/stm32f1xx_hal_tim.o
 .ARM.attributes
                0x0000000000000236       0x33 Drivers/STM32F1xx_HAL_Driver/Src/stm32f1xx_hal_tim_ex.o
 .ARM.attributes
                0x0000000000000269       0x2d c:/st/stm32cubeide_1.1.0/stm32cubeide/plugins/com.st.stm32cube.ide.mcu.externaltools.gnu-tools-for-stm32.7-2018-q2-update.win32_1.0.0.201904181610/tools/bin/../lib/gcc/arm-none-eabi/7.3.1/../../../../arm-none-eabi/lib/thumb/v7-m\libc_nano.a(lib_a-init.o)
 .ARM.attributes
                0x0000000000000296       0x2d c:/st/stm32cubeide_1.1.0/stm32cubeide/plugins/com.st.stm32cube.ide.mcu.externaltools.gnu-tools-for-stm32.7-2018-q2-update.win32_1.0.0.201904181610/tools/bin/../lib/gcc/arm-none-eabi/7.3.1/../../../../arm-none-eabi/lib/thumb/v7-m\libc_nano.a(lib_a-memset.o)
 .ARM.attributes
                0x00000000000002c3       0x1d c:/st/stm32cubeide_1.1.0/stm32cubeide/plugins/com.st.stm32cube.ide.mcu.externaltools.gnu-tools-for-stm32.7-2018-q2-update.win32_1.0.0.201904181610/tools/bin/../lib/gcc/arm-none-eabi/7.3.1/thumb/v7-m\libgcc.a(_arm_addsubsf3.o)
 .ARM.attributes
                0x00000000000002e0       0x1d c:/st/stm32cubeide_1.1.0/stm32cubeide/plugins/com.st.stm32cube.ide.mcu.externaltools.gnu-tools-for-stm32.7-2018-q2-update.win32_1.0.0.201904181610/tools/bin/../lib/gcc/arm-none-eabi/7.3.1/thumb/v7-m/crtn.o
OUTPUT(EX9_ENCODER_QUADRATURA.elf elf32-littlearm)

.debug_info     0x0000000000000000     0x76f3
 .debug_info    0x0000000000000000      0xacb Core/Src/main.o
 .debug_info    0x0000000000000acb      0xa81 Core/Src/stm32f1xx_hal_msp.o
 .debug_info    0x000000000000154c      0x72f Core/Src/stm32f1xx_it.o
 .debug_info    0x0000000000001c7b      0x433 Core/Src/system_stm32f1xx.o
 .debug_info    0x00000000000020ae       0x22 Core/Startup/startup_stm32f103c8tx.o
 .debug_info    0x00000000000020d0      0x6fe Drivers/STM32F1xx_HAL_Driver/Src/stm32f1xx_hal.o
 .debug_info    0x00000000000027ce      0xb46 Drivers/STM32F1xx_HAL_Driver/Src/stm32f1xx_hal_cortex.o
 .debug_info    0x0000000000003314      0x681 Drivers/STM32F1xx_HAL_Driver/Src/stm32f1xx_hal_gpio.o
 .debug_info    0x0000000000003995      0x804 Drivers/STM32F1xx_HAL_Driver/Src/stm32f1xx_hal_rcc.o
 .debug_info    0x0000000000004199     0x2456 Drivers/STM32F1xx_HAL_Driver/Src/stm32f1xx_hal_tim.o
 .debug_info    0x00000000000065ef     0x1104 Drivers/STM32F1xx_HAL_Driver/Src/stm32f1xx_hal_tim_ex.o

.debug_abbrev   0x0000000000000000     0x1345
 .debug_abbrev  0x0000000000000000      0x201 Core/Src/main.o
 .debug_abbrev  0x0000000000000201      0x1a6 Core/Src/stm32f1xx_hal_msp.o
 .debug_abbrev  0x00000000000003a7      0x15a Core/Src/stm32f1xx_it.o
 .debug_abbrev  0x0000000000000501      0x134 Core/Src/system_stm32f1xx.o
 .debug_abbrev  0x0000000000000635       0x12 Core/Startup/startup_stm32f103c8tx.o
 .debug_abbrev  0x0000000000000647      0x1d8 Drivers/STM32F1xx_HAL_Driver/Src/stm32f1xx_hal.o
 .debug_abbrev  0x000000000000081f      0x2d5 Drivers/STM32F1xx_HAL_Driver/Src/stm32f1xx_hal_cortex.o
 .debug_abbrev  0x0000000000000af4      0x1c0 Drivers/STM32F1xx_HAL_Driver/Src/stm32f1xx_hal_gpio.o
 .debug_abbrev  0x0000000000000cb4      0x243 Drivers/STM32F1xx_HAL_Driver/Src/stm32f1xx_hal_rcc.o
 .debug_abbrev  0x0000000000000ef7      0x230 Drivers/STM32F1xx_HAL_Driver/Src/stm32f1xx_hal_tim.o
 .debug_abbrev  0x0000000000001127      0x21e Drivers/STM32F1xx_HAL_Driver/Src/stm32f1xx_hal_tim_ex.o

.debug_aranges  0x0000000000000000      0x918
 .debug_aranges
                0x0000000000000000       0x50 Core/Src/main.o
 .debug_aranges
                0x0000000000000050       0x40 Core/Src/stm32f1xx_hal_msp.o
 .debug_aranges
                0x0000000000000090       0x78 Core/Src/stm32f1xx_it.o
 .debug_aranges
                0x0000000000000108       0x28 Core/Src/system_stm32f1xx.o
 .debug_aranges
                0x0000000000000130       0x28 Core/Startup/startup_stm32f103c8tx.o
 .debug_aranges
                0x0000000000000158       0xe0 Drivers/STM32F1xx_HAL_Driver/Src/stm32f1xx_hal.o
 .debug_aranges
                0x0000000000000238      0x100 Drivers/STM32F1xx_HAL_Driver/Src/stm32f1xx_hal_cortex.o
 .debug_aranges
                0x0000000000000338       0x58 Drivers/STM32F1xx_HAL_Driver/Src/stm32f1xx_hal_gpio.o
 .debug_aranges
                0x0000000000000390       0x90 Drivers/STM32F1xx_HAL_Driver/Src/stm32f1xx_hal_rcc.o
 .debug_aranges
                0x0000000000000420      0x3a8 Drivers/STM32F1xx_HAL_Driver/Src/stm32f1xx_hal_tim.o
 .debug_aranges
                0x00000000000007c8      0x150 Drivers/STM32F1xx_HAL_Driver/Src/stm32f1xx_hal_tim_ex.o

.debug_ranges   0x0000000000000000      0x870
 .debug_ranges  0x0000000000000000       0x40 Core/Src/main.o
 .debug_ranges  0x0000000000000040       0x30 Core/Src/stm32f1xx_hal_msp.o
 .debug_ranges  0x0000000000000070       0x68 Core/Src/stm32f1xx_it.o
 .debug_ranges  0x00000000000000d8       0x18 Core/Src/system_stm32f1xx.o
 .debug_ranges  0x00000000000000f0       0x20 Core/Startup/startup_stm32f103c8tx.o
 .debug_ranges  0x0000000000000110       0xd0 Drivers/STM32F1xx_HAL_Driver/Src/stm32f1xx_hal.o
 .debug_ranges  0x00000000000001e0       0xf0 Drivers/STM32F1xx_HAL_Driver/Src/stm32f1xx_hal_cortex.o
 .debug_ranges  0x00000000000002d0       0x48 Drivers/STM32F1xx_HAL_Driver/Src/stm32f1xx_hal_gpio.o
 .debug_ranges  0x0000000000000318       0x80 Drivers/STM32F1xx_HAL_Driver/Src/stm32f1xx_hal_rcc.o
 .debug_ranges  0x0000000000000398      0x398 Drivers/STM32F1xx_HAL_Driver/Src/stm32f1xx_hal_tim.o
 .debug_ranges  0x0000000000000730      0x140 Drivers/STM32F1xx_HAL_Driver/Src/stm32f1xx_hal_tim_ex.o

.debug_macro    0x0000000000000000    0x1300b
 .debug_macro   0x0000000000000000      0x19a Core/Src/main.o
 .debug_macro   0x000000000000019a      0xa5a Core/Src/main.o
 .debug_macro   0x0000000000000bf4      0x215 Core/Src/main.o
 .debug_macro   0x0000000000000e09       0x2e Core/Src/main.o
 .debug_macro   0x0000000000000e37       0x22 Core/Src/main.o
 .debug_macro   0x0000000000000e59       0x22 Core/Src/main.o
 .debug_macro   0x0000000000000e7b       0x8e Core/Src/main.o
 .debug_macro   0x0000000000000f09       0x51 Core/Src/main.o
 .debug_macro   0x0000000000000f5a       0xef Core/Src/main.o
 .debug_macro   0x0000000000001049       0x6a Core/Src/main.o
 .debug_macro   0x00000000000010b3      0x1df Core/Src/main.o
 .debug_macro   0x0000000000001292       0x1c Core/Src/main.o
 .debug_macro   0x00000000000012ae       0x22 Core/Src/main.o
 .debug_macro   0x00000000000012d0       0xc3 Core/Src/main.o
 .debug_macro   0x0000000000001393      0xd23 Core/Src/main.o
 .debug_macro   0x00000000000020b6     0xe09e Core/Src/main.o
 .debug_macro   0x0000000000010154       0x43 Core/Src/main.o
 .debug_macro   0x0000000000010197      0x174 Core/Src/main.o
 .debug_macro   0x000000000001030b       0x5a Core/Src/main.o
 .debug_macro   0x0000000000010365      0x5be Core/Src/main.o
 .debug_macro   0x0000000000010923      0x289 Core/Src/main.o
 .debug_macro   0x0000000000010bac      0x1cb Core/Src/main.o
 .debug_macro   0x0000000000010d77      0x114 Core/Src/main.o
 .debug_macro   0x0000000000010e8b      0x1b2 Core/Src/main.o
 .debug_macro   0x000000000001103d       0x27 Core/Src/main.o
 .debug_macro   0x0000000000011064      0x136 Core/Src/main.o
 .debug_macro   0x000000000001119a      0x1bc Core/Src/main.o
 .debug_macro   0x0000000000011356       0x34 Core/Src/main.o
 .debug_macro   0x000000000001138a       0x3c Core/Src/main.o
 .debug_macro   0x00000000000113c6       0x57 Core/Src/main.o
 .debug_macro   0x000000000001141d       0x88 Core/Src/main.o
 .debug_macro   0x00000000000114a5      0x241 Core/Src/main.o
 .debug_macro   0x00000000000116e6      0x141 Core/Src/main.o
 .debug_macro   0x0000000000011827      0x88b Core/Src/main.o
 .debug_macro   0x00000000000120b2       0x83 Core/Src/main.o
 .debug_macro   0x0000000000012135      0x19a Core/Src/stm32f1xx_hal_msp.o
 .debug_macro   0x00000000000122cf      0x1a4 Core/Src/stm32f1xx_it.o
 .debug_macro   0x0000000000012473      0x196 Core/Src/system_stm32f1xx.o
 .debug_macro   0x0000000000012609      0x1b4 Drivers/STM32F1xx_HAL_Driver/Src/stm32f1xx_hal.o
 .debug_macro   0x00000000000127bd      0x190 Drivers/STM32F1xx_HAL_Driver/Src/stm32f1xx_hal_cortex.o
 .debug_macro   0x000000000001294d      0x1fb Drivers/STM32F1xx_HAL_Driver/Src/stm32f1xx_hal_gpio.o
 .debug_macro   0x0000000000012b48      0x1a2 Drivers/STM32F1xx_HAL_Driver/Src/stm32f1xx_hal_rcc.o
 .debug_macro   0x0000000000012cea      0x191 Drivers/STM32F1xx_HAL_Driver/Src/stm32f1xx_hal_tim.o
 .debug_macro   0x0000000000012e7b      0x190 Drivers/STM32F1xx_HAL_Driver/Src/stm32f1xx_hal_tim_ex.o

.debug_line     0x0000000000000000     0x5f91
 .debug_line    0x0000000000000000      0x6f1 Core/Src/main.o
 .debug_line    0x00000000000006f1      0x68f Core/Src/stm32f1xx_hal_msp.o
 .debug_line    0x0000000000000d80      0x700 Core/Src/stm32f1xx_it.o
 .debug_line    0x0000000000001480      0x64f Core/Src/system_stm32f1xx.o
 .debug_line    0x0000000000001acf       0x84 Core/Startup/startup_stm32f103c8tx.o
 .debug_line    0x0000000000001b53      0x7f7 Drivers/STM32F1xx_HAL_Driver/Src/stm32f1xx_hal.o
 .debug_line    0x000000000000234a      0x8d0 Drivers/STM32F1xx_HAL_Driver/Src/stm32f1xx_hal_cortex.o
 .debug_line    0x0000000000002c1a      0x7f7 Drivers/STM32F1xx_HAL_Driver/Src/stm32f1xx_hal_gpio.o
 .debug_line    0x0000000000003411      0x8b9 Drivers/STM32F1xx_HAL_Driver/Src/stm32f1xx_hal_rcc.o
 .debug_line    0x0000000000003cca     0x16bd Drivers/STM32F1xx_HAL_Driver/Src/stm32f1xx_hal_tim.o
 .debug_line    0x0000000000005387      0xc0a Drivers/STM32F1xx_HAL_Driver/Src/stm32f1xx_hal_tim_ex.o

.debug_str      0x0000000000000000    0x6b593
 .debug_str     0x0000000000000000    0x69225 Core/Src/main.o
                                      0x69518 (size before relaxing)
 .debug_str     0x0000000000069225      0x376 Core/Src/stm32f1xx_hal_msp.o
                                      0x69555 (size before relaxing)
 .debug_str     0x000000000006959b       0xdd Core/Src/stm32f1xx_it.o
                                      0x6929a (size before relaxing)
 .debug_str     0x0000000000069678       0xc2 Core/Src/system_stm32f1xx.o
                                      0x68e69 (size before relaxing)
 .debug_str     0x000000000006973a       0x36 Core/Startup/startup_stm32f103c8tx.o
                                         0x93 (size before relaxing)
 .debug_str     0x0000000000069770      0x3c5 Drivers/STM32F1xx_HAL_Driver/Src/stm32f1xx_hal.o
                                      0x6947a (size before relaxing)
 .debug_str     0x0000000000069b35      0x2c8 Drivers/STM32F1xx_HAL_Driver/Src/stm32f1xx_hal_cortex.o
                                      0x69488 (size before relaxing)
 .debug_str     0x0000000000069dfd      0x340 Drivers/STM32F1xx_HAL_Driver/Src/stm32f1xx_hal_gpio.o
                                      0x691b3 (size before relaxing)
 .debug_str     0x000000000006a13d      0x263 Drivers/STM32F1xx_HAL_Driver/Src/stm32f1xx_hal_rcc.o
                                      0x691ec (size before relaxing)
 .debug_str     0x000000000006a3a0      0xcc4 Drivers/STM32F1xx_HAL_Driver/Src/stm32f1xx_hal_tim.o
                                      0x69fb7 (size before relaxing)
 .debug_str     0x000000000006b064      0x52f Drivers/STM32F1xx_HAL_Driver/Src/stm32f1xx_hal_tim_ex.o
                                      0x697b7 (size before relaxing)

.comment        0x0000000000000000       0x7b
 .comment       0x0000000000000000       0x7b Core/Src/main.o
                                         0x7c (size before relaxing)
 .comment       0x000000000000007b       0x7c Core/Src/stm32f1xx_hal_msp.o
 .comment       0x000000000000007b       0x7c Core/Src/stm32f1xx_it.o
 .comment       0x000000000000007b       0x7c Core/Src/system_stm32f1xx.o
 .comment       0x000000000000007b       0x7c Drivers/STM32F1xx_HAL_Driver/Src/stm32f1xx_hal.o
 .comment       0x000000000000007b       0x7c Drivers/STM32F1xx_HAL_Driver/Src/stm32f1xx_hal_cortex.o
 .comment       0x000000000000007b       0x7c Drivers/STM32F1xx_HAL_Driver/Src/stm32f1xx_hal_gpio.o
 .comment       0x000000000000007b       0x7c Drivers/STM32F1xx_HAL_Driver/Src/stm32f1xx_hal_rcc.o
 .comment       0x000000000000007b       0x7c Drivers/STM32F1xx_HAL_Driver/Src/stm32f1xx_hal_tim.o
 .comment       0x000000000000007b       0x7c Drivers/STM32F1xx_HAL_Driver/Src/stm32f1xx_hal_tim_ex.o

.debug_frame    0x0000000000000000     0x2588
 .debug_frame   0x0000000000000000      0x104 Core/Src/main.o
 .debug_frame   0x0000000000000104       0xc8 Core/Src/stm32f1xx_hal_msp.o
 .debug_frame   0x00000000000001cc      0x160 Core/Src/stm32f1xx_it.o
 .debug_frame   0x000000000000032c       0x58 Core/Src/system_stm32f1xx.o
 .debug_frame   0x0000000000000384      0x334 Drivers/STM32F1xx_HAL_Driver/Src/stm32f1xx_hal.o
 .debug_frame   0x00000000000006b8      0x428 Drivers/STM32F1xx_HAL_Driver/Src/stm32f1xx_hal_cortex.o
 .debug_frame   0x0000000000000ae0      0x14c Drivers/STM32F1xx_HAL_Driver/Src/stm32f1xx_hal_gpio.o
 .debug_frame   0x0000000000000c2c      0x21c Drivers/STM32F1xx_HAL_Driver/Src/stm32f1xx_hal_rcc.o
 .debug_frame   0x0000000000000e48     0x10e8 Drivers/STM32F1xx_HAL_Driver/Src/stm32f1xx_hal_tim.o
 .debug_frame   0x0000000000001f30      0x5c0 Drivers/STM32F1xx_HAL_Driver/Src/stm32f1xx_hal_tim_ex.o
 .debug_frame   0x00000000000024f0       0x2c c:/st/stm32cubeide_1.1.0/stm32cubeide/plugins/com.st.stm32cube.ide.mcu.externaltools.gnu-tools-for-stm32.7-2018-q2-update.win32_1.0.0.201904181610/tools/bin/../lib/gcc/arm-none-eabi/7.3.1/../../../../arm-none-eabi/lib/thumb/v7-m\libc_nano.a(lib_a-init.o)
 .debug_frame   0x000000000000251c       0x20 c:/st/stm32cubeide_1.1.0/stm32cubeide/plugins/com.st.stm32cube.ide.mcu.externaltools.gnu-tools-for-stm32.7-2018-q2-update.win32_1.0.0.201904181610/tools/bin/../lib/gcc/arm-none-eabi/7.3.1/../../../../arm-none-eabi/lib/thumb/v7-m\libc_nano.a(lib_a-memset.o)
 .debug_frame   0x000000000000253c       0x4c c:/st/stm32cubeide_1.1.0/stm32cubeide/plugins/com.st.stm32cube.ide.mcu.externaltools.gnu-tools-for-stm32.7-2018-q2-update.win32_1.0.0.201904181610/tools/bin/../lib/gcc/arm-none-eabi/7.3.1/thumb/v7-m\libgcc.a(_arm_addsubsf3.o)
